Component: Arm Compiler for Embedded 6.22 Tool: armlink [5ee90200]

==============================================================================

Section Cross References

    startup_stm32l073xx.o(STACK) refers (Special) to heapauxi.o(.text) for __use_two_region_memory
    startup_stm32l073xx.o(HEAP) refers (Special) to heapauxi.o(.text) for __use_two_region_memory
    startup_stm32l073xx.o(RESET) refers (Special) to heapauxi.o(.text) for __use_two_region_memory
    startup_stm32l073xx.o(RESET) refers to startup_stm32l073xx.o(STACK) for __initial_sp
    startup_stm32l073xx.o(RESET) refers to startup_stm32l073xx.o(.text) for Reset_Handler
    startup_stm32l073xx.o(RESET) refers to stm32l0xx_it.o(.text.NMI_Handler) for NMI_Handler
    startup_stm32l073xx.o(RESET) refers to stm32l0xx_it.o(.text.HardFault_Handler) for HardFault_Handler
    startup_stm32l073xx.o(RESET) refers to stm32l0xx_it.o(.text.SVC_Handler) for SVC_Handler
    startup_stm32l073xx.o(RESET) refers to stm32l0xx_it.o(.text.PendSV_Handler) for PendSV_Handler
    startup_stm32l073xx.o(RESET) refers to stm32l0xx_it.o(.text.SysTick_Handler) for SysTick_Handler
    startup_stm32l073xx.o(RESET) refers to stm32l0xx_it.o(.text.TIM2_IRQHandler) for TIM2_IRQHandler
    startup_stm32l073xx.o(.text) refers (Special) to heapauxi.o(.text) for __use_two_region_memory
    startup_stm32l073xx.o(.text) refers to system_stm32l0xx.o(.text.SystemInit) for SystemInit
    startup_stm32l073xx.o(.text) refers to __main.o(!!!main) for __main
    startup_stm32l073xx.o(.text) refers to startup_stm32l073xx.o(HEAP) for Heap_Mem
    startup_stm32l073xx.o(.text) refers to startup_stm32l073xx.o(STACK) for Stack_Mem
    main.o(.text) refers (Special) to _printf_percent.o(.ARM.Collect$$_printf_percent$$00000000) for _printf_percent
    main.o(.text) refers (Special) to _printf_f.o(.ARM.Collect$$_printf_percent$$00000003) for _printf_f
    main.o(.text) refers (Special) to printf1.o(x$fpl$printf1) for _printf_fp_dec
    main.o(.text.main) refers (Special) to _printf_percent.o(.ARM.Collect$$_printf_percent$$00000000) for _printf_percent
    main.o(.text.main) refers (Special) to _printf_f.o(.ARM.Collect$$_printf_percent$$00000003) for _printf_f
    main.o(.text.main) refers (Special) to printf1.o(x$fpl$printf1) for _printf_fp_dec
    main.o(.text.main) refers to stm32l0xx_hal.o(.text.HAL_Init) for HAL_Init
    main.o(.text.main) refers to main.o(.text.SystemClock_Config) for SystemClock_Config
    main.o(.text.main) refers to stm32l0xx_hal_gpio.o(.text.HAL_GPIO_WritePin) for HAL_GPIO_WritePin
    main.o(.text.main) refers to stm32l0xx_hal_gpio.o(.text.HAL_GPIO_Init) for HAL_GPIO_Init
    main.o(.text.main) refers to stm32l0xx_hal_i2c.o(.text.HAL_I2C_Init) for HAL_I2C_Init
    main.o(.text.main) refers to stm32l0xx_hal_i2c_ex.o(.text.HAL_I2CEx_ConfigAnalogFilter) for HAL_I2CEx_ConfigAnalogFilter
    main.o(.text.main) refers to stm32l0xx_hal_i2c_ex.o(.text.HAL_I2CEx_ConfigDigitalFilter) for HAL_I2CEx_ConfigDigitalFilter
    main.o(.text.main) refers to stm32l0xx_hal_tim.o(.text.HAL_TIM_Base_Init) for HAL_TIM_Base_Init
    main.o(.text.main) refers to stm32l0xx_hal_tim.o(.text.HAL_TIM_ConfigClockSource) for HAL_TIM_ConfigClockSource
    main.o(.text.main) refers to stm32l0xx_hal_tim.o(.text.HAL_TIM_IC_Init) for HAL_TIM_IC_Init
    main.o(.text.main) refers to stm32l0xx_hal_tim_ex.o(.text.HAL_TIMEx_MasterConfigSynchronization) for HAL_TIMEx_MasterConfigSynchronization
    main.o(.text.main) refers to stm32l0xx_hal_tim.o(.text.HAL_TIM_IC_ConfigChannel) for HAL_TIM_IC_ConfigChannel
    main.o(.text.main) refers to stm32l0xx_hal_uart.o(.text.HAL_UART_Init) for HAL_UART_Init
    main.o(.text.main) refers to stm32l0xx_hal_tim.o(.text.HAL_TIM_IC_Start_IT) for HAL_TIM_IC_Start_IT
    main.o(.text.main) refers to stm32l0xx_hal_tim.o(.text.HAL_TIM_Base_Start_IT) for HAL_TIM_Base_Start_IT
    main.o(.text.main) refers to ssd1306.o(.text.ssd1306_Init) for ssd1306_Init
    main.o(.text.main) refers to ssd1306.o(.text.ssd1306_SetCursor) for ssd1306_SetCursor
    main.o(.text.main) refers to ssd1306.o(.text.ssd1306_WriteString) for ssd1306_WriteString
    main.o(.text.main) refers to ssd1306.o(.text.ssd1306_UpdateScreen) for ssd1306_UpdateScreen
    main.o(.text.main) refers to stm32l0xx_hal.o(.text.HAL_Delay) for HAL_Delay
    main.o(.text.main) refers to ssd1306.o(.text.ssd1306_Fill) for ssd1306_Fill
    main.o(.text.main) refers to fcmp.o(i._fgr) for __aeabi_fcmpgt
    main.o(.text.main) refers to f2d.o(.text) for __aeabi_f2d
    main.o(.text.main) refers to noretval__2sprintf.o(.text) for __2sprintf
    main.o(.text.main) refers to strlen.o(.text) for strlen
    main.o(.text.main) refers to stm32l0xx_hal_uart.o(.text.HAL_UART_Transmit) for HAL_UART_Transmit
    main.o(.text.main) refers to stm32l0xx_hal_uart.o(.text.HAL_UART_GetError) for HAL_UART_GetError
    main.o(.text.main) refers to main.o(.text.Display) for Display
    main.o(.text.main) refers to main.o(.bss.hi2c3) for hi2c3
[...]
    .text                                    0x080006e0   Section        0  d2f.o(.text)
    .text                                    0x0800075c   Section        0  dflti.o(.text)
    .text                                    0x080007b4   Section        0  dmul.o(.text)
    .text                                    0x080009fc   Section        0  f2d.o(.text)
    .text                                    0x08000a50   Section        0  fdiv.o(.text)
    .text                                    0x08000bb0   Section        0  ffixui.o(.text)
    .text                                    0x08000be0   Section        0  fflti.o(.text)
    _fp_digits                               0x08000c41   Thumb Code   412  _printf_fp_dec.o(.text)
    .text                                    0x08000c40   Section        0  _printf_fp_dec.o(.text)
    _printf_input_char                       0x08001055   Thumb Code    10  _printf_char_common.o(.text)
    .text                                    0x08001054   Section        0  _printf_char_common.o(.text)
    .text                                    0x08001084   Section        0  _sputc.o(.text)
    .text                                    0x08001090   Section        8  rt_locale_intlibspace.o(.text)
    .text                                    0x08001098   Section        0  lludiv10.o(.text)
    .text                                    0x08001114   Section        0  _printf_fp_infnan.o(.text)
    .text                                    0x0800119c   Section        0  bigflt0.o(.text)
    .text                                    0x08001274   Section        0  btod.o(.text)
    btod_internal_mul                        0x080012b5   Thumb Code   492  btod.o(.text)
    btod_internal_div                        0x080014a1   Thumb Code   520  btod.o(.text)
    .text                                    0x080017f4   Section        0  rtudiv10.o(.text)
    .text                                    0x0800181c   Section        0  fcmpin.o(.text)
    .text                                    0x08001880   Section        8  libspace.o(.text)
    .text                                    0x08001888   Section       62  sys_stackheap_outer.o(.text)
    .text                                    0x080018c6   Section        0  exit.o(.text)
    .text                                    0x080018d8   Section      176  strcmpv6m.o(.text)
    .text                                    0x08001988   Section        0  cmpret.o(.text)
    .text                                    0x080019b8   Section        0  fnan2.o(.text)
    .text                                    0x080019c8   Section        0  retnan.o(.text)
    .text                                    0x08001a28   Section        0  sys_exit.o(.text)
    .text                                    0x08001a34   Section        2  use_no_semi.o(.text)
    .text                                    0x08001a36   Section        0  indicate_semi.o(.text)
    [Anonymous Symbol]                       0x08001a38   Section        0  main.o(.text.Display)
    __arm_cp.5_0                             0x08001aa8   Number         4  main.o(.text.Display)
    __arm_cp.5_1                             0x08001aac   Number         4  main.o(.text.Display)
    __arm_cp.5_3                             0x08001abc   Number         4  main.o(.text.Display)
    __arm_cp.5_5                             0x08001acc   Number         4  main.o(.text.Display)
    __arm_cp.5_7                             0x08001adc   Number         4  main.o(.text.Display)
    [Anonymous Symbol]                       0x08001ae0   Section        0  stm32l0xx_hal.o(.text.HAL_Delay)
    __arm_cp.10_0                            0x08001b00   Number         4  stm32l0xx_hal.o(.text.HAL_Delay)
    [Anonymous Symbol]                       0x08001b04   Section        0  stm32l0xx_hal_gpio.o(.text.HAL_GPIO_Init)
    __arm_cp.0_0                             0x08001c74   Number         4  stm32l0xx_hal_gpio.o(.text.HAL_GPIO_Init)
    __arm_cp.0_1                             0x08001c78   Number         4  stm32l0xx_hal_gpio.o(.text.HAL_GPIO_Init)
    __arm_cp.0_2                             0x08001c7c   Number         4  stm32l0xx_hal_gpio.o(.text.HAL_GPIO_Init)
    __arm_cp.0_3                             0x08001c80   Number         4  stm32l0xx_hal_gpio.o(.text.HAL_GPIO_Init)
    [Anonymous Symbol]                       0x08001c84   Section        0  stm32l0xx_hal_gpio.o(.text.HAL_GPIO_WritePin)
    [Anonymous Symbol]                       0x08001c94   Section        0  stm32l0xx_hal.o(.text.HAL_GetTick)
    __arm_cp.6_0                             0x08001c9c   Number         4  stm32l0xx_hal.o(.text.HAL_GetTick)
    [Anonymous Symbol]                       0x08001ca0   Section        0  stm32l0xx_hal_i2c_ex.o(.text.HAL_I2CEx_ConfigAnalogFilter)
    [Anonymous Symbol]                       0x08001ce2   Section        0  stm32l0xx_hal_i2c_ex.o(.text.HAL_I2CEx_ConfigDigitalFilter)
    [Anonymous Symbol]                       0x08001d24   Section        0  stm32l0xx_hal_i2c.o(.text.HAL_I2C_Init)
    __arm_cp.0_0                             0x08001dcc   Number         4  stm32l0xx_hal_i2c.o(.text.HAL_I2C_Init)
    __arm_cp.0_1                             0x08001dd0   Number         4  stm32l0xx_hal_i2c.o(.text.HAL_I2C_Init)
    [Anonymous Symbol]                       0x08001dd4   Section        0  stm32l0xx_hal_i2c.o(.text.HAL_I2C_Mem_Write)
    __arm_cp.29_0                            0x080020bc   Number         4  stm32l0xx_hal_i2c.o(.text.HAL_I2C_Mem_Write)
    __arm_cp.29_1                            0x080020c0   Number         4  stm32l0xx_hal_i2c.o(.text.HAL_I2C_Mem_Write)
    __arm_cp.29_2                            0x080020c4   Number         4  stm32l0xx_hal_i2c.o(.text.HAL_I2C_Mem_Write)
    __arm_cp.29_3                            0x080020c8   Number         4  stm32l0xx_hal_i2c.o(.text.HAL_I2C_Mem_Write)
    __arm_cp.29_4                            0x080020cc   Number         4  stm32l0xx_hal_i2c.o(.text.HAL_I2C_Mem_Write)
    __arm_cp.29_5                            0x080020d0   Number         4  stm32l0xx_hal_i2c.o(.text.HAL_I2C_Mem_Write)
    [Anonymous Symbol]                       0x080020d4   Section        0  stm32l0xx_hal_msp.o(.text.HAL_I2C_MspInit)
    __arm_cp.1_0                             0x08002128   Number         4  stm32l0xx_hal_msp.o(.text.HAL_I2C_MspInit)
    __arm_cp.1_1                             0x0800212c   Number         4  stm32l0xx_hal_msp.o(.text.HAL_I2C_MspInit)
    __arm_cp.1_2                             0x08002130   Number         4  stm32l0xx_hal_msp.o(.text.HAL_I2C_MspInit)
    [Anonymous Symbol]                       0x08002134   Section        0  stm32l0xx_hal.o(.text.HAL_IncTick)
    __arm_cp.5_1                             0x08002144   Number         4  stm32l0xx_hal.o(.text.HAL_IncTick)
    [Anonymous Symbol]                       0x08002148   Section        0  stm32l0xx_hal.o(.text.HAL_Init)
    __arm_cp.0_0                             0x0800216c   Number         4  stm32l0xx_hal.o(.text.HAL_Init)
    [Anonymous Symbol]                       0x08002170   Section        0  stm32l0xx_hal.o(.text.HAL_InitTick)
    __arm_cp.1_0                             0x080021ac   Number         4  stm32l0xx_hal.o(.text.HAL_InitTick)
    __arm_cp.1_1                             0x080021b0   Number         4  stm32l0xx_hal.o(.text.HAL_InitTick)
    __arm_cp.1_2                             0x080021b4   Number         4  stm32l0xx_hal.o(.text.HAL_InitTick)
    [Anonymous Symbol]                       0x080021b8   Section        0  stm32l0xx_hal_msp.o(.text.HAL_MspInit)
    __arm_cp.0_0                             0x080021cc   Number         4  stm32l0xx_hal_msp.o(.text.HAL_MspInit)
    [Anonymous Symbol]                       0x080021d0   Section        0  stm32l0xx_hal_cortex.o(.text.HAL_NVIC_EnableIRQ)
    __arm_cp.1_0                             0x080021e4   Number         4  stm32l0xx_hal_cortex.o(.text.HAL_NVIC_EnableIRQ)
    [Anonymous Symbol]                       0x080021e8   Section        0  stm32l0xx_hal_cortex.o(.text.HAL_NVIC_SetPriority)
    __arm_cp.0_0                             0x08002218   Number         4  stm32l0xx_hal_cortex.o(.text.HAL_NVIC_SetPriority)
    __arm_cp.0_1                             0x0800221c   Number         4  stm32l0xx_hal_cortex.o(.text.HAL_NVIC_SetPriority)
    [Anonymous Symbol]                       0x08002220   Section        0  stm32l0xx_hal_rcc_ex.o(.text.HAL_RCCEx_PeriphCLKConfig)
    __arm_cp.0_0                             0x08002430   Number         4  stm32l0xx_hal_rcc_ex.o(.text.HAL_RCCEx_PeriphCLKConfig)
    __arm_cp.0_1                             0x08002434   Number         4  stm32l0xx_hal_rcc_ex.o(.text.HAL_RCCEx_PeriphCLKConfig)
    [Anonymous Symbol]                       0x08002438   Section        0  stm32l0xx_hal_rcc.o(.text.HAL_RCC_ClockConfig)
    __arm_cp.3_0                             0x0800262c   Number         4  stm32l0xx_hal_rcc.o(.text.HAL_RCC_ClockConfig)
    __arm_cp.3_1                             0x08002630   Number         4  stm32l0xx_hal_rcc.o(.text.HAL_RCC_ClockConfig)
    __arm_cp.3_7                             0x08002634   Number         4  stm32l0xx_hal_rcc.o(.text.HAL_RCC_ClockConfig)
    __arm_cp.3_9                             0x08002638   Number         4  stm32l0xx_hal_rcc.o(.text.HAL_RCC_ClockConfig)
    [Anonymous Symbol]                       0x0800263c   Section        0  stm32l0xx_hal_rcc.o(.text.HAL_RCC_GetPCLK1Freq)
    [Anonymous Symbol]                       0x08002650   Section        0  stm32l0xx_hal_rcc.o(.text.HAL_RCC_GetPCLK2Freq)
    __arm_cp.8_0                             0x08002664   Number         4  stm32l0xx_hal_rcc.o(.text.HAL_RCC_GetPCLK2Freq)
    __arm_cp.8_1                             0x08002668   Number         4  stm32l0xx_hal_rcc.o(.text.HAL_RCC_GetPCLK2Freq)
    __arm_cp.8_2                             0x0800266c   Number         4  stm32l0xx_hal_rcc.o(.text.HAL_RCC_GetPCLK2Freq)
    [Anonymous Symbol]                       0x08002670   Section        0  stm32l0xx_hal_rcc.o(.text.HAL_RCC_GetSysClockFreq)
    __arm_cp.2_1                             0x080026d0   Number         4  stm32l0xx_hal_rcc.o(.text.HAL_RCC_GetSysClockFreq)
    __arm_cp.2_2                             0x080026d4   Number         4  stm32l0xx_hal_rcc.o(.text.HAL_RCC_GetSysClockFreq)
    __arm_cp.2_3                             0x080026d8   Number         4  stm32l0xx_hal_rcc.o(.text.HAL_RCC_GetSysClockFreq)
    __arm_cp.2_4                             0x080026dc   Number         4  stm32l0xx_hal_rcc.o(.text.HAL_RCC_GetSysClockFreq)
    [Anonymous Symbol]                       0x080026e0   Section        0  stm32l0xx_hal_rcc.o(.text.HAL_RCC_OscConfig)
    __arm_cp.1_13                            0x08002880   Number         4  stm32l0xx_hal_rcc.o(.text.HAL_RCC_OscConfig)
    __arm_cp.1_1                             0x08002c2c   Number         4  stm32l0xx_hal_rcc.o(.text.HAL_RCC_OscConfig)
    __arm_cp.1_2                             0x08002c30   Number         4  stm32l0xx_hal_rcc.o(.text.HAL_RCC_OscConfig)
    __arm_cp.1_3                             0x08002c34   Number         4  stm32l0xx_hal_rcc.o(.text.HAL_RCC_OscConfig)
    __arm_cp.1_4                             0x08002c38   Number         4  stm32l0xx_hal_rcc.o(.text.HAL_RCC_OscConfig)
    __arm_cp.1_5                             0x08002c3c   Number         4  stm32l0xx_hal_rcc.o(.text.HAL_RCC_OscConfig)
    __arm_cp.1_6                             0x08002c40   Number         4  stm32l0xx_hal_rcc.o(.text.HAL_RCC_OscConfig)
    __arm_cp.1_7                             0x08002c44   Number         4  stm32l0xx_hal_rcc.o(.text.HAL_RCC_OscConfig)
    __arm_cp.1_8                             0x08002c48   Number         4  stm32l0xx_hal_rcc.o(.text.HAL_RCC_OscConfig)
    __arm_cp.1_9                             0x08002c4c   Number         4  stm32l0xx_hal_rcc.o(.text.HAL_RCC_OscConfig)
    __arm_cp.1_10                            0x08002c50   Number         4  stm32l0xx_hal_rcc.o(.text.HAL_RCC_OscConfig)
    [Anonymous Symbol]                       0x08002c54   Section        0  stm32l0xx_hal_cortex.o(.text.HAL_SYSTICK_Config)
    __arm_cp.4_0                             0x08002c7c   Number         4  stm32l0xx_hal_cortex.o(.text.HAL_SYSTICK_Config)
    __arm_cp.4_1                             0x08002c80   Number         4  stm32l0xx_hal_cortex.o(.text.HAL_SYSTICK_Config)
    __arm_cp.4_2                             0x08002c84   Number         4  stm32l0xx_hal_cortex.o(.text.HAL_SYSTICK_Config)
    [Anonymous Symbol]                       0x08002c88   Section        0  stm32l0xx_hal_tim_ex.o(.text.HAL_TIMEx_MasterConfigSynchronization)
    [Anonymous Symbol]                       0x08002ce4   Section        0  stm32l0xx_hal_tim.o(.text.HAL_TIM_Base_Init)
    [Anonymous Symbol]                       0x08002d98   Section        0  stm32l0xx_hal_msp.o(.text.HAL_TIM_Base_MspInit)
    __arm_cp.3_0                             0x08002df8   Number         4  stm32l0xx_hal_msp.o(.text.HAL_TIM_Base_MspInit)
    [Anonymous Symbol]                       0x08002dfc   Section        0  stm32l0xx_hal_tim.o(.text.HAL_TIM_Base_Start_IT)
    __arm_cp.6_0                             0x08002e50   Number         4  stm32l0xx_hal_tim.o(.text.HAL_TIM_Base_Start_IT)
    __arm_cp.6_1                             0x08002e54   Number         4  stm32l0xx_hal_tim.o(.text.HAL_TIM_Base_Start_IT)
    __arm_cp.6_2                             0x08002e58   Number         4  stm32l0xx_hal_tim.o(.text.HAL_TIM_Base_Start_IT)
    __arm_cp.6_3                             0x08002e5c   Number         4  stm32l0xx_hal_tim.o(.text.HAL_TIM_Base_Start_IT)
    [Anonymous Symbol]                       0x08002e60   Section        0  stm32l0xx_hal_tim.o(.text.HAL_TIM_ConfigClockSource)
    __arm_cp.85_0                            0x08002fb0   Number         4  stm32l0xx_hal_tim.o(.text.HAL_TIM_ConfigClockSource)
    [Anonymous Symbol]                       0x08002fb4   Section        0  main.o(.text.HAL_TIM_IC_CaptureCallback)
    __arm_cp.3_0                             0x08003038   Number         4  main.o(.text.HAL_TIM_IC_CaptureCallback)
    __arm_cp.3_1                             0x0800303c   Number         4  main.o(.text.HAL_TIM_IC_CaptureCallback)
    __arm_cp.3_2                             0x08003040   Number         4  main.o(.text.HAL_TIM_IC_CaptureCallback)
    __arm_cp.3_3                             0x08003044   Number         4  main.o(.text.HAL_TIM_IC_CaptureCallback)
    __arm_cp.3_4                             0x08003048   Number         4  main.o(.text.HAL_TIM_IC_CaptureCallback)
    __arm_cp.3_5                             0x0800304c   Number         4  main.o(.text.HAL_TIM_IC_CaptureCallback)
    __arm_cp.3_6                             0x08003050   Number         4  main.o(.text.HAL_TIM_IC_CaptureCallback)
    __arm_cp.3_7                             0x08003054   Number         4  main.o(.text.HAL_TIM_IC_CaptureCallback)
    __arm_cp.3_8                             0x08003058   Number         4  main.o(.text.HAL_TIM_IC_CaptureCallback)
    __arm_cp.3_9                             0x0800305c   Number         4  main.o(.text.HAL_TIM_IC_CaptureCallback)
    __arm_cp.3_10                            0x08003060   Number         4  main.o(.text.HAL_TIM_IC_CaptureCallback)
    __arm_cp.3_11                            0x08003064   Number         4  main.o(.text.HAL_TIM_IC_CaptureCallback)
    [Anonymous Symbol]                       0x08003068   Section        0  stm32l0xx_hal_tim.o(.text.HAL_TIM_IC_ConfigChannel)
    __arm_cp.72_0                            0x080031e4   Number         4  stm32l0xx_hal_tim.o(.text.HAL_TIM_IC_ConfigChannel)
    __arm_cp.72_1                            0x080031e8   Number         4  stm32l0xx_hal_tim.o(.text.HAL_TIM_IC_ConfigChannel)
    __arm_cp.72_2                            0x080031ec   Number         4  stm32l0xx_hal_tim.o(.text.HAL_TIM_IC_ConfigChannel)
    __arm_cp.72_3                            0x080031f0   Number         4  stm32l0xx_hal_tim.o(.text.HAL_TIM_IC_ConfigChannel)
    __arm_cp.72_4                            0x080031f4   Number         4  stm32l0xx_hal_tim.o(.text.HAL_TIM_IC_ConfigChannel)
    [Anonymous Symbol]                       0x080031f8   Section        0  stm32l0xx_hal_tim.o(.text.HAL_TIM_IC_Init)
    [Anonymous Symbol]                       0x080032ac   Section        0  stm32l0xx_hal_tim.o(.text.HAL_TIM_IC_MspInit)
    [Anonymous Symbol]                       0x080032b0   Section        0  stm32l0xx_hal_tim.o(.text.HAL_TIM_IC_Start_IT)
    __arm_cp.41_0                            0x0800336c   Number         4  stm32l0xx_hal_tim.o(.text.HAL_TIM_IC_Start_IT)
    __arm_cp.41_1                            0x08003370   Number         4  stm32l0xx_hal_tim.o(.text.HAL_TIM_IC_Start_IT)
    __arm_cp.41_2                            0x08003374   Number         4  stm32l0xx_hal_tim.o(.text.HAL_TIM_IC_Start_IT)
    __arm_cp.41_3                            0x08003378   Number         4  stm32l0xx_hal_tim.o(.text.HAL_TIM_IC_Start_IT)
    __arm_cp.41_4                            0x0800337c   Number         4  stm32l0xx_hal_tim.o(.text.HAL_TIM_IC_Start_IT)
    [Anonymous Symbol]                       0x08003380   Section        0  stm32l0xx_hal_tim.o(.text.HAL_TIM_IRQHandler)
    [Anonymous Symbol]                       0x080034f2   Section        0  stm32l0xx_hal_tim.o(.text.HAL_TIM_OC_DelayElapsedCallback)
    [Anonymous Symbol]                       0x080034f4   Section        0  stm32l0xx_hal_tim.o(.text.HAL_TIM_PWM_PulseFinishedCallback)
    [Anonymous Symbol]                       0x080034f8   Section        0  main.o(.text.HAL_TIM_PeriodElapsedCallback)
    __arm_cp.4_0                             0x08003504   Number         4  main.o(.text.HAL_TIM_PeriodElapsedCallback)
    [Anonymous Symbol]                       0x08003508   Section        0  stm32l0xx_hal_tim.o(.text.HAL_TIM_TriggerCallback)
    [Anonymous Symbol]                       0x0800350a   Section        0  stm32l0xx_hal_uart.o(.text.HAL_UART_GetError)
    [Anonymous Symbol]                       0x08003510   Section        0  stm32l0xx_hal_uart.o(.text.HAL_UART_Init)
    [Anonymous Symbol]                       0x08003580   Section        0  stm32l0xx_hal_msp.o(.text.HAL_UART_MspInit)
    __arm_cp.5_0                             0x080035d8   Number         4  stm32l0xx_hal_msp.o(.text.HAL_UART_MspInit)
    __arm_cp.5_1                             0x080035dc   Number         4  stm32l0xx_hal_msp.o(.text.HAL_UART_MspInit)
    [Anonymous Symbol]                       0x080035e0   Section        0  stm32l0xx_hal_uart.o(.text.HAL_UART_Transmit)
    __arm_cp.10_0                            0x080036e4   Number         4  stm32l0xx_hal_uart.o(.text.HAL_UART_Transmit)
    [Anonymous Symbol]                       0x080036e8   Section        0  stm32l0xx_it.o(.text.HardFault_Handler)
    I2C_IsErrorOccurred                      0x080036ed   Thumb Code   308  stm32l0xx_hal_i2c.o(.text.I2C_IsErrorOccurred)
    [Anonymous Symbol]                       0x080036ec   Section        0  stm32l0xx_hal_i2c.o(.text.I2C_IsErrorOccurred)
    __arm_cp.72_0                            0x08003820   Number         4  stm32l0xx_hal_i2c.o(.text.I2C_IsErrorOccurred)
    I2C_WaitOnSTOPFlagUntilTimeout           0x08003825   Thumb Code   106  stm32l0xx_hal_i2c.o(.text.I2C_WaitOnSTOPFlagUntilTimeout)
    [Anonymous Symbol]                       0x08003824   Section        0  stm32l0xx_hal_i2c.o(.text.I2C_WaitOnSTOPFlagUntilTimeout)
    [Anonymous Symbol]                       0x0800388e   Section        0  stm32l0xx_it.o(.text.NMI_Handler)
    [Anonymous Symbol]                       0x08003890   Section        0  stm32l0xx_it.o(.text.PendSV_Handler)
    [Anonymous Symbol]                       0x08003892   Section        0  stm32l0xx_it.o(.text.SVC_Handler)
    [Anonymous Symbol]                       0x08003894   Section        0  stm32l0xx_it.o(.text.SysTick_Handler)
    __arm_cp.4_0                             0x080038ac   Number         4  stm32l0xx_it.o(.text.SysTick_Handler)
    __arm_cp.4_1                             0x080038b0   Number         4  stm32l0xx_it.o(.text.SysTick_Handler)
    [Anonymous Symbol]                       0x080038b4   Section        0  main.o(.text.SystemClock_Config)
    __arm_cp.1_0                             0x08003950   Number         4  main.o(.text.SystemClock_Config)
    [Anonymous Symbol]                       0x08003954   Section        0  system_stm32l0xx.o(.text.SystemInit)
    [Anonymous Symbol]                       0x08003958   Section        0  stm32l0xx_it.o(.text.TIM2_IRQHandler)
    __arm_cp.5_0                             0x08003964   Number         4  stm32l0xx_it.o(.text.TIM2_IRQHandler)
    [Anonymous Symbol]                       0x08003968   Section        0  stm32l0xx_hal_uart.o(.text.UART_AdvFeatureConfig)
    [Anonymous Symbol]                       0x08003a3c   Section        0  stm32l0xx_hal_uart.o(.text.UART_CheckIdleState)
    __arm_cp.4_0                             0x08003afc   Number         4  stm32l0xx_hal_uart.o(.text.UART_CheckIdleState)
    [Anonymous Symbol]                       0x08003b00   Section        0  stm32l0xx_hal_uart.o(.text.UART_SetConfig)
    __arm_cp.3_0                             0x08003d18   Number         4  stm32l0xx_hal_uart.o(.text.UART_SetConfig)
    __arm_cp.3_1                             0x08003d1c   Number         4  stm32l0xx_hal_uart.o(.text.UART_SetConfig)
    __arm_cp.3_2                             0x08003d20   Number         4  stm32l0xx_hal_uart.o(.text.UART_SetConfig)
    __arm_cp.3_3                             0x08003d24   Number         4  stm32l0xx_hal_uart.o(.text.UART_SetConfig)
    __arm_cp.3_4                             0x08003d28   Number         4  stm32l0xx_hal_uart.o(.text.UART_SetConfig)
    __arm_cp.3_5                             0x08003d2c   Number         4  stm32l0xx_hal_uart.o(.text.UART_SetConfig)
    __arm_cp.3_6                             0x08003d30   Number         4  stm32l0xx_hal_uart.o(.text.UART_SetConfig)
    __arm_cp.3_7                             0x08003d34   Number         4  stm32l0xx_hal_uart.o(.text.UART_SetConfig)
    __arm_cp.3_8                             0x08003d38   Number         4  stm32l0xx_hal_uart.o(.text.UART_SetConfig)
    __arm_cp.3_10                            0x08003d4c   Number         4  stm32l0xx_hal_uart.o(.text.UART_SetConfig)
    __arm_cp.3_11                            0x08003d50   Number         4  stm32l0xx_hal_uart.o(.text.UART_SetConfig)
    __arm_cp.3_12                            0x08003d54   Number         4  stm32l0xx_hal_uart.o(.text.UART_SetConfig)
    __arm_cp.3_13                            0x08003d58   Number         4  stm32l0xx_hal_uart.o(.text.UART_SetConfig)
    __arm_cp.3_14                            0x08003d5c   Number         4  stm32l0xx_hal_uart.o(.text.UART_SetConfig)
    [Anonymous Symbol]                       0x08003d60   Section        0  stm32l0xx_hal_uart.o(.text.UART_WaitOnFlagUntilTimeout)
    [Anonymous Symbol]                       0x08003ea0   Section        0  main.o(.text.main)
    __arm_cp.0_0                             0x080040ec   Number         4  main.o(.text.main)
    __arm_cp.0_1                             0x080040f0   Number         4  main.o(.text.main)
    __arm_cp.0_2                             0x080040f4   Number         4  main.o(.text.main)
    __arm_cp.0_3                             0x080040f8   Number         4  main.o(.text.main)
    __arm_cp.0_4                             0x080040fc   Number         4  main.o(.text.main)
    __arm_cp.0_5                             0x08004100   Number         4  main.o(.text.main)
    __arm_cp.0_6                             0x08004104   Number         4  main.o(.text.main)
    __arm_cp.0_7                             0x08004108   Number         4  main.o(.text.main)
    __arm_cp.0_8                             0x0800410c   Number         4  main.o(.text.main)
    __arm_cp.0_11                            0x08004120   Number         4  main.o(.text.main)
    __arm_cp.0_12                            0x08004124   Number         4  main.o(.text.main)
    __arm_cp.0_13                            0x08004128   Number         4  main.o(.text.main)
    __arm_cp.0_16                            0x08004170   Number         4  main.o(.text.main)
    __arm_cp.0_17                            0x08004174   Number         4  main.o(.text.main)
    [Anonymous Symbol]                       0x08004178   Section        0  ssd1306.o(.text.ssd1306_Fill)
    [Anonymous Symbol]                       0x08004190   Section        0  ssd1306.o(.text.ssd1306_Init)
    __arm_cp.0_0                             0x08004560   Number         4  ssd1306.o(.text.ssd1306_Init)
    [Anonymous Symbol]                       0x08004564   Section        0  ssd1306.o(.text.ssd1306_SetCursor)
    [Anonymous Symbol]                       0x08004570   Section        0  ssd1306.o(.text.ssd1306_UpdateScreen)
    [Anonymous Symbol]                       0x080045fc   Section        0  ssd1306.o(.text.ssd1306_WriteChar)
    __arm_cp.4_0                             0x080046fc   Number         4  ssd1306.o(.text.ssd1306_WriteChar)
    __arm_cp.4_1                             0x08004700   Number         4  ssd1306.o(.text.ssd1306_WriteChar)
    __arm_cp.4_2                             0x08004704   Number         4  ssd1306.o(.text.ssd1306_WriteChar)
    __arm_cp.4_3                             0x08004708   Number         4  ssd1306.o(.text.ssd1306_WriteChar)
    [Anonymous Symbol]                       0x0800470c   Section        0  ssd1306.o(.text.ssd1306_WriteString)
    .text_divfast                            0x0800474a   Section      502  aeabi_sdivfast.o(.text_divfast)
    i.__ARM_common_ll_muluu                  0x08004940   Section        0  btod.o(i.__ARM_common_ll_muluu)
    i.__ARM_fpclassify                       0x08004970   Section        0  fpclassify.o(i.__ARM_fpclassify)
    i._fgr                                   0x0800499c   Section        0  fcmp.o(i._fgr)
    i._is_digit                              0x080049b2   Section        0  __printf_wp.o(i._is_digit)
    locale$$code                             0x080049c0   Section       44  lc_numeric_c.o(locale$$code)
    x$fpl$fadd                               0x080049ec   Section      140  faddsub.o(x$fpl$fadd)
    _fadd1                                   0x080049f9   Thumb Code     0  faddsub.o(x$fpl$fadd)
    x$fpl$fgeqf                              0x08004a78   Section       84  fgef.o(x$fpl$fgeqf)
    x$fpl$fmul                               0x08004acc   Section      176  fmul.o(x$fpl$fmul)
    x$fpl$fsub                               0x08004b7c   Section      208  faddsub.o(x$fpl$fsub)
    _fsub1                                   0x08004b89   Thumb Code     0  faddsub.o(x$fpl$fsub)
    x$fpl$printf1                            0x08004c4c   Section       16  printf1.o(x$fpl$printf1)
    maptable                                 0x08004c5c   Data          17  __printf_flags_wp.o(.constdata)
    .constdata                               0x08004c5c   Section       17  __printf_flags_wp.o(.constdata)
    x$fpl$usenofp                            0x08004c5c   Section        0  usenofp.o(x$fpl$usenofp)
    fdiv_tab                                 0x08004c6d   Data          64  fdiv.o(.constdata)
    .constdata                               0x08004c6d   Section       64  fdiv.o(.constdata)
    tenpwrs_x                                0x08004cb0   Data          60  bigflt0.o(.constdata)
    .constdata                               0x08004cb0   Section      148  bigflt0.o(.constdata)
    tenpwrs_i                                0x08004cec   Data          64  bigflt0.o(.constdata)
    Font11x18                                0x08004d5c   Data        3420  fonts.o(.rodata.Font11x18)
    [Anonymous Symbol]                       0x08004d5c   Section        0  fonts.o(.rodata.Font11x18)
    [Anonymous Symbol]                       0x08005ac4   Section        0  stm32l0xx_hal_tim.o(.rodata.cst16)
    [Anonymous Symbol]                       0x08005af4   Section        0  stm32l0xx_hal_uart.o(.rodata.cst16)
    locale$$data                             0x08005b24   Section       28  lc_numeric_c.o(locale$$data)
    __lcnum_c_name                           0x08005b28   Data           2  lc_numeric_c.o(locale$$data)
    __lcnum_c_start                          0x08005b30   Data           0  lc_numeric_c.o(locale$$data)
    __lcnum_c_point                          0x08005b3c   Data           0  lc_numeric_c.o(locale$$data)
    __lcnum_c_thousands                      0x08005b3e   Data           0  lc_numeric_c.o(locale$$data)
    __lcnum_c_grouping                       0x08005b3f   Data           0  lc_numeric_c.o(locale$$data)
    __lcnum_c_end                            0x08005b40   Data           0  lc_numeric_c.o(locale$$data)
    .bss                                     0x20000018   Section       96  libspace.o(.bss)
    SSD1306.0                                0x20000080   Data           2  ssd1306.o(.bss.SSD1306.0)
    [Anonymous Symbol]                       0x20000080   Section        0  ssd1306.o(.bss.SSD1306.0)
    SSD1306.1                                0x20000082   Data           2  ssd1306.o(.bss.SSD1306.1)
    [Anonymous Symbol]                       0x20000082   Section        0  ssd1306.o(.bss.SSD1306.1)
    SSD1306.2                                0x20000084   Data           1  ssd1306.o(.bss.SSD1306.2)
    [Anonymous Symbol]                       0x20000084   Section        0  ssd1306.o(.bss.SSD1306.2)
    SSD1306_Buffer                           0x20000088   Data        1024  ssd1306.o(.bss.SSD1306_Buffer)
    [Anonymous Symbol]                       0x20000088   Section        0  ssd1306.o(.bss.SSD1306_Buffer)
    Heap_Mem                                 0x20000618   Data         512  startup_stm32l073xx.o(HEAP)
    HEAP                                     0x20000618   Section      512  startup_stm32l073xx.o(HEAP)
    Stack_Mem                                0x20000818   Data        1024  startup_stm32l073xx.o(STACK)
    STACK                                    0x20000818   Section     1024  startup_stm32l073xx.o(STACK)
    __initial_sp                             0x20000c18   Data           0  startup_stm32l073xx.o(STACK)

    Global Symbols

    Symbol Name                              Value     Ov Type        Size  Object(Section)

    BuildAttributes$$THM_ISAv3M$S$PE$A:L22$X:L11$S22$IEEE1$IW$~IW$USESV6$~STKCKD$USESV7$~SHL$OTIME$ROPI$IEEEJ$EBA8$UX$STANDARDLIB$REQ8$PRES8$EABIv2 0x00000000   Number         0  anon$$obj.o ABSOLUTE
    _printf_flags                            0x00000000   Number         0  printf_stubs.o ABSOLUTE
    _printf_return_value                     0x00000000   Number         0  printf_stubs.o ABSOLUTE
    _printf_sizespec                         0x00000000   Number         0  printf_stubs.o ABSOLUTE
    _printf_widthprec                        0x00000000   Number         0  printf_stubs.o ABSOLUTE
    __ARM_exceptions_init                     - Undefined Weak Reference
    __alloca_initialize                       - Undefined Weak Reference
    __arm_preinit_                            - Undefined Weak Reference
    __arm_relocate_pie_                       - Undefined Weak Reference
    __cpp_initialize__aeabi_                  - Undefined Weak Reference
    __cxa_finalize                            - Undefined Weak Reference
    __sigvec_lookup                           - Undefined Weak Reference
    _atexit_init                              - Undefined Weak Reference
    _call_atexit_fns                          - Undefined Weak Reference
    _clock_init                               - Undefined Weak Reference
    _fp_trap_init                             - Undefined Weak Reference
    _fp_trap_shutdown                         - Undefined Weak Reference
    _get_lc_collate                           - Undefined Weak Reference
    _get_lc_ctype                             - Undefined Weak Reference
    _get_lc_monetary                          - Undefined Weak Reference
    _get_lc_time                              - Undefined Weak Reference
    _getenv_init                              - Undefined Weak Reference
    _handle_redirection                       - Undefined Weak Reference
    _init_alloc                               - Undefined Weak Reference
    _init_user_alloc                          - Undefined Weak Reference
    _initio                                   - Undefined Weak Reference
    _printf_post_padding                      - Undefined Weak Reference
    _printf_pre_padding                       - Undefined Weak Reference
    _rand_init                                - Undefined Weak Reference
    _signal_finish                            - Undefined Weak Reference
    _signal_init                              - Undefined Weak Reference
    _terminate_alloc                          - Undefined Weak Reference
    _terminate_user_alloc                     - Undefined Weak Reference
    _terminateio                              - Undefined Weak Reference
    __Vectors_Size                           0x000000c0   Number         0  startup_stm32l073xx.o ABSOLUTE
    __Vectors                                0x08000000   Data           4  startup_stm32l073xx.o(RESET)
    __Vectors_End                            0x080000c0   Data           0  startup_stm32l073xx.o(RESET)
    __main                                   0x080000c1   Thumb Code     8  __main.o(!!!main)
    __scatterload                            0x080000c9   Thumb Code     0  __scatter.o(!!!scatter)
    __scatterload_rt2                        0x080000c9   Thumb Code    74  __scatter.o(!!!scatter)
    __scatterload_rt2_thumb_only             0x080000c9   Thumb Code     0  __scatter.o(!!!scatter)
    __scatterload_loop                       0x080000d3   Thumb Code     0  __scatter.o(!!!scatter)
    __scatterload_copy                       0x0800011d   Thumb Code    26  __scatter_copy.o(!!handler_copy)
    __scatterload_null                       0x08000139   Thumb Code     2  __scatter.o(!!handler_null)
    __scatterload_zeroinit                   0x0800013d   Thumb Code    28  __scatter_zi.o(!!handler_zi)
    _printf_percent                          0x08000159   Thumb Code     0  _printf_percent.o(.ARM.Collect$$_printf_percent$$00000000)
    _printf_f                                0x0800015b   Thumb Code     0  _printf_f.o(.ARM.Collect$$_printf_percent$$00000003)
    _printf_percent_end                      0x08000165   Thumb Code     0  _printf_percent_end.o(.ARM.Collect$$_printf_percent$$00000017)
    __rt_lib_init                            0x08000169   Thumb Code     0  libinit.o(.ARM.Collect$$libinit$$00000000)
    __rt_lib_init_fp_1                       0x0800016b   Thumb Code     0  libinit2.o(.ARM.Collect$$libinit$$00000002)
    __rt_lib_init_heap_1                     0x0800016b   Thumb Code     0  libinit2.o(.ARM.Collect$$libinit$$0000000C)
    __rt_lib_init_lc_common                  0x0800016b   Thumb Code     0  libinit2.o(.ARM.Collect$$libinit$$00000011)
    __rt_lib_init_preinit_1                  0x0800016b   Thumb Code     0  libinit2.o(.ARM.Collect$$libinit$$00000006)
    __rt_lib_init_rand_1                     0x0800016b   Thumb Code     0  libinit2.o(.ARM.Collect$$libinit$$00000010)
    __rt_lib_init_relocate_pie_1             0x0800016b   Thumb Code     0  libinit2.o(.ARM.Collect$$libinit$$00000004)
    __rt_lib_init_user_alloc_1               0x0800016b   Thumb Code     0  libinit2.o(.ARM.Collect$$libinit$$0000000E)
    __rt_lib_init_lc_collate_1               0x08000171   Thumb Code     0  libinit2.o(.ARM.Collect$$libinit$$00000013)
    __rt_lib_init_lc_ctype_1                 0x08000171   Thumb Code     0  libinit2.o(.ARM.Collect$$libinit$$00000015)
    __rt_lib_init_lc_monetary_1              0x08000171   Thumb Code     0  libinit2.o(.ARM.Collect$$libinit$$00000017)
    __rt_lib_init_lc_numeric_2               0x08000171   Thumb Code     0  libinit2.o(.ARM.Collect$$libinit$$00000018)
    __rt_lib_init_alloca_1                   0x0800017b   Thumb Code     0  libinit2.o(.ARM.Collect$$libinit$$00000030)
    __rt_lib_init_argv_1                     0x0800017b   Thumb Code     0  libinit2.o(.ARM.Collect$$libinit$$0000002E)
    __rt_lib_init_atexit_1                   0x0800017b   Thumb Code     0  libinit2.o(.ARM.Collect$$libinit$$0000001D)
    __rt_lib_init_clock_1                    0x0800017b   Thumb Code     0  libinit2.o(.ARM.Collect$$libinit$$00000023)
    __rt_lib_init_cpp_1                      0x0800017b   Thumb Code     0  libinit2.o(.ARM.Collect$$libinit$$00000034)
    __rt_lib_init_exceptions_1               0x0800017b   Thumb Code     0  libinit2.o(.ARM.Collect$$libinit$$00000032)
    __rt_lib_init_fp_trap_1                  0x0800017b   Thumb Code     0  libinit2.o(.ARM.Collect$$libinit$$00000021)
    __rt_lib_init_getenv_1                   0x0800017b   Thumb Code     0  libinit2.o(.ARM.Collect$$libinit$$00000025)
    __rt_lib_init_lc_numeric_1               0x0800017b   Thumb Code     0  libinit2.o(.ARM.Collect$$libinit$$00000019)
    __rt_lib_init_lc_time_1                  0x0800017b   Thumb Code     0  libinit2.o(.ARM.Collect$$libinit$$0000001B)
    __rt_lib_init_return                     0x0800017b   Thumb Code     0  libinit2.o(.ARM.Collect$$libinit$$00000035)
    __rt_lib_init_signal_1                   0x0800017b   Thumb Code     0  libinit2.o(.ARM.Collect$$libinit$$0000001F)
    __rt_lib_init_stdio_1                    0x0800017b   Thumb Code     0  libinit2.o(.ARM.Collect$$libinit$$00000027)
    __rt_lib_shutdown                        0x0800017d   Thumb Code     0  libshutdown.o(.ARM.Collect$$libshutdown$$00000000)
    __rt_lib_shutdown_cpp_1                  0x0800017f   Thumb Code     0  libshutdown2.o(.ARM.Collect$$libshutdown$$00000002)
    __rt_lib_shutdown_fp_trap_1              0x0800017f   Thumb Code     0  libshutdown2.o(.ARM.Collect$$libshutdown$$00000007)
    __rt_lib_shutdown_heap_1                 0x0800017f   Thumb Code     0  libshutdown2.o(.ARM.Collect$$libshutdown$$0000000F)
    __rt_lib_shutdown_return                 0x0800017f   Thumb Code     0  libshutdown2.o(.ARM.Collect$$libshutdown$$00000010)
    __rt_lib_shutdown_signal_1               0x0800017f   Thumb Code     0  libshutdown2.o(.ARM.Collect$$libshutdown$$0000000A)
    __rt_lib_shutdown_stdio_1                0x0800017f   Thumb Code     0  libshutdown2.o(.ARM.Collect$$libshutdown$$00000004)
    __rt_lib_shutdown_user_alloc_1           0x0800017f   Thumb Code     0  libshutdown2.o(.ARM.Collect$$libshutdown$$0000000C)
    __rt_entry                               0x08000181   Thumb Code     0  __rtentry.o(.ARM.Collect$$rtentry$$00000000)
    __rt_entry_presh_1                       0x08000181   Thumb Code     0  __rtentry2.o(.ARM.Collect$$rtentry$$00000002)
    __rt_entry_sh                            0x08000181   Thumb Code     0  __rtentry4.o(.ARM.Collect$$rtentry$$00000004)
    __rt_entry_li                            0x08000187   Thumb Code     0  __rtentry2.o(.ARM.Collect$$rtentry$$0000000A)
    __rt_entry_postsh_1                      0x08000187   Thumb Code     0  __rtentry2.o(.ARM.Collect$$rtentry$$00000009)
    __rt_entry_main                          0x0800018b   Thumb Code     0  __rtentry2.o(.ARM.Collect$$rtentry$$0000000D)
    __rt_entry_postli_1                      0x0800018b   Thumb Code     0  __rtentry2.o(.ARM.Collect$$rtentry$$0000000C)
    __rt_exit                                0x08000193   Thumb Code     0  rtexit.o(.ARM.Collect$$rtexit$$00000000)
    __rt_exit_ls                             0x08000195   Thumb Code     0  rtexit2.o(.ARM.Collect$$rtexit$$00000003)
    __rt_exit_prels_1                        0x08000195   Thumb Code     0  rtexit2.o(.ARM.Collect$$rtexit$$00000002)
    __rt_exit_exit                           0x08000199   Thumb Code     0  rtexit2.o(.ARM.Collect$$rtexit$$00000004)
    Reset_Handler                            0x080001a1   Thumb Code     8  startup_stm32l073xx.o(.text)
    ADC1_COMP_IRQHandler                     0x080001b3   Thumb Code     0  startup_stm32l073xx.o(.text)
    DMA1_Channel1_IRQHandler                 0x080001b3   Thumb Code     0  startup_stm32l073xx.o(.text)
    DMA1_Channel2_3_IRQHandler               0x080001b3   Thumb Code     0  startup_stm32l073xx.o(.text)
    DMA1_Channel4_5_6_7_IRQHandler           0x080001b3   Thumb Code     0  startup_stm32l073xx.o(.text)
    EXTI0_1_IRQHandler                       0x080001b3   Thumb Code     0  startup_stm32l073xx.o(.text)
    EXTI2_3_IRQHandler                       0x080001b3   Thumb Code     0  startup_stm32l073xx.o(.text)
    EXTI4_15_IRQHandler                      0x080001b3   Thumb Code     0  startup_stm32l073xx.o(.text)
    FLASH_IRQHandler                         0x080001b3   Thumb Code     0  startup_stm32l073xx.o(.text)
    I2C1_IRQHandler                          0x080001b3   Thumb Code     0  startup_stm32l073xx.o(.text)
    I2C2_IRQHandler                          0x080001b3   Thumb Code     0  startup_stm32l073xx.o(.text)
    I2C3_IRQHandler                          0x080001b3   Thumb Code     0  startup_stm32l073xx.o(.text)
    LCD_IRQHandler                           0x080001b3   Thumb Code     0  startup_stm32l073xx.o(.text)
    LPTIM1_IRQHandler                        0x080001b3   Thumb Code     0  startup_stm32l073xx.o(.text)
    PVD_IRQHandler                           0x080001b3   Thumb Code     0  startup_stm32l073xx.o(.text)
    RCC_CRS_IRQHandler                       0x080001b3   Thumb Code     0  startup_stm32l073xx.o(.text)
    RNG_LPUART1_IRQHandler                   0x080001b3   Thumb Code     0  startup_stm32l073xx.o(.text)
    RTC_IRQHandler                           0x080001b3   Thumb Code     0  startup_stm32l073xx.o(.text)
    SPI1_IRQHandler                          0x080001b3   Thumb Code     0  startup_stm32l073xx.o(.text)
    SPI2_IRQHandler                          0x080001b3   Thumb Code     0  startup_stm32l073xx.o(.text)
    TIM21_IRQHandler                         0x080001b3   Thumb Code     0  startup_stm32l073xx.o(.text)
    TIM22_IRQHandler                         0x080001b3   Thumb Code     0  startup_stm32l073xx.o(.text)
    TIM3_IRQHandler                          0x080001b3   Thumb Code     0  startup_stm32l073xx.o(.text)
    TIM6_DAC_IRQHandler                      0x080001b3   Thumb Code     0  startup_stm32l073xx.o(.text)
    TIM7_IRQHandler                          0x080001b3   Thumb Code     0  startup_stm32l073xx.o(.text)
    TSC_IRQHandler                           0x080001b3   Thumb Code     0  startup_stm32l073xx.o(.text)
    USART1_IRQHandler                        0x080001b3   Thumb Code     0  startup_stm32l073xx.o(.text)
    USART2_IRQHandler                        0x080001b3   Thumb Code     0  startup_stm32l073xx.o(.text)
    USART4_5_IRQHandler                      0x080001b3   Thumb Code     0  startup_stm32l073xx.o(.text)
    USB_IRQHandler                           0x080001b3   Thumb Code     0  startup_stm32l073xx.o(.text)
    WWDG_IRQHandler                          0x080001b3   Thumb Code     0  startup_stm32l073xx.o(.text)
    __user_initial_stackheap                 0x080001b5   Thumb Code     0  startup_stm32l073xx.o(.text)
    __aeabi_uldivmod                         0x080001d9   Thumb Code   272  lludiv.o(.text)
    _ll_udiv                                 0x080001d9   Thumb Code     0  lludiv.o(.text)
    __2sprintf                               0x080002e9   Thumb Code    36  noretval__2sprintf.o(.text)
    __printf                                 0x08000311   Thumb Code   306  __printf_flags_wp.o(.text)
    strlen                                   0x08000449   Thumb Code    62  strlen.o(.text)
    __aeabi_memset4                          0x0800048d   Thumb Code    18  aeabi_memset4.o(.text)
    __aeabi_memset8                          0x0800048d   Thumb Code     0  aeabi_memset4.o(.text)
    _memset_w                                0x0800049f   Thumb Code    26  rt_memclr.o(.text)
    _memset                                  0x080004b9   Thumb Code    30  rt_memclr.o(.text)
    __aeabi_memclr                           0x080004d7   Thumb Code     4  rt_memclr.o(.text)
    __rt_memclr                              0x080004d7   Thumb Code     0  rt_memclr.o(.text)
    __aeabi_memclr4                          0x080004db   Thumb Code     0  rt_memclr.o(.text)
    __aeabi_memclr8                          0x080004db   Thumb Code     0  rt_memclr.o(.text)
    __rt_memclr_w                            0x080004db   Thumb Code     4  rt_memclr.o(.text)
    __aeabi_uidivmod                         0x080004e1   Thumb Code    28  aeabi_sdivfast.o(.text)
    __aeabi_idivmod                          0x080004fd   Thumb Code   472  aeabi_sdivfast.o(.text)
    __use_two_region_memory                  0x080006d9   Thumb Code     2  heapauxi.o(.text)
    __rt_heap_escrow$2region                 0x080006db   Thumb Code     2  heapauxi.o(.text)
    __rt_heap_expand$2region                 0x080006dd   Thumb Code     2  heapauxi.o(.text)
    __aeabi_d2f                              0x080006e1   Thumb Code     0  d2f.o(.text)
    __truncdfsf2                             0x080006e1   Thumb Code     0  d2f.o(.text)
    _d2f                                     0x080006e1   Thumb Code   120  d2f.o(.text)
    __aeabi_i2d_normalise                    0x0800075d   Thumb Code    66  dflti.o(.text)
    __aeabi_i2d                              0x0800079f   Thumb Code    16  dflti.o(.text)
    _dflt                                    0x0800079f   Thumb Code     0  dflti.o(.text)
    __aeabi_ui2d                             0x080007af   Thumb Code     6  dflti.o(.text)
    _dfltu                                   0x080007af   Thumb Code     0  dflti.o(.text)
    __aeabi_dmul                             0x080007b5   Thumb Code     0  dmul.o(.text)
    __muldf3                                 0x080007b5   Thumb Code     0  dmul.o(.text)
    _dmul                                    0x080007b5   Thumb Code   558  dmul.o(.text)
    __aeabi_f2d                              0x080009fd   Thumb Code     0  f2d.o(.text)
    __extendsfdf2                            0x080009fd   Thumb Code     0  f2d.o(.text)
    _f2d                                     0x080009fd   Thumb Code    80  f2d.o(.text)
    __aeabi_fdiv                             0x08000a51   Thumb Code     0  fdiv.o(.text)
    __divsf3                                 0x08000a51   Thumb Code     0  fdiv.o(.text)
    _fdiv                                    0x08000a51   Thumb Code   334  fdiv.o(.text)
    _frdiv                                   0x08000b9f   Thumb Code     8  fdiv.o(.text)
    __aeabi_f2uiz                            0x08000bb1   Thumb Code     0  ffixui.o(.text)
    _ffixu                                   0x08000bb1   Thumb Code    48  ffixui.o(.text)
    __aeabi_i2f_normalise                    0x08000be1   Thumb Code    72  fflti.o(.text)
    __aeabi_i2f                              0x08000c29   Thumb Code    16  fflti.o(.text)
    _fflt                                    0x08000c29   Thumb Code     0  fflti.o(.text)
    __aeabi_ui2f                             0x08000c39   Thumb Code     6  fflti.o(.text)
    _ffltu                                   0x08000c39   Thumb Code     0  fflti.o(.text)
    _printf_fp_dec_real                      0x08000ddd   Thumb Code   620  _printf_fp_dec.o(.text)
    _printf_char_common                      0x0800105f   Thumb Code    32  _printf_char_common.o(.text)
    _sputc                                   0x08001085   Thumb Code    10  _sputc.o(.text)
    __rt_locale                              0x08001091   Thumb Code     8  rt_locale_intlibspace.o(.text)
    _ll_udiv10                               0x08001099   Thumb Code   122  lludiv10.o(.text)
    _printf_fp_infnan                        0x08001115   Thumb Code   120  _printf_fp_infnan.o(.text)
    _btod_etento                             0x0800119d   Thumb Code   210  bigflt0.o(.text)
    _btod_d2e                                0x08001275   Thumb Code    64  btod.o(.text)
    _btod_emul                               0x080016a9   Thumb Code    28  btod.o(.text)
    _btod_emuld                              0x080016c5   Thumb Code   144  btod.o(.text)
    _btod_ediv                               0x08001755   Thumb Code    26  btod.o(.text)
    _btod_edivd                              0x0800176f   Thumb Code   124  btod.o(.text)
    __rt_udiv10                              0x080017f5   Thumb Code    40  rtudiv10.o(.text)
    __fpl_fcmp_InfNaN                        0x0800181d   Thumb Code    96  fcmpin.o(.text)
    __user_libspace                          0x08001881   Thumb Code     8  libspace.o(.text)
    __user_perproc_libspace                  0x08001881   Thumb Code     0  libspace.o(.text)
    __user_perthread_libspace                0x08001881   Thumb Code     0  libspace.o(.text)
    __user_setup_stackheap                   0x08001889   Thumb Code    62  sys_stackheap_outer.o(.text)
    exit                                     0x080018c7   Thumb Code    16  exit.o(.text)
    strcmp                                   0x080018d9   Thumb Code   176  strcmpv6m.o(.text)
    __fpl_cmpreturn                          0x08001989   Thumb Code    46  cmpret.o(.text)
    __fpl_fcheck_NaN2                        0x080019b9   Thumb Code    10  fnan2.o(.text)
    __fpl_return_NaN                         0x080019c9   Thumb Code    94  retnan.o(.text)
    _sys_exit                                0x08001a29   Thumb Code     8  sys_exit.o(.text)
    __I$use$semihosting                      0x08001a35   Thumb Code     0  use_no_semi.o(.text)
    __use_no_semihosting_swi                 0x08001a35   Thumb Code     2  use_no_semi.o(.text)
    __semihosting_library_function           0x08001a37   Thumb Code     0  indicate_semi.o(.text)
    Display                                  0x08001a39   Thumb Code   112  main.o(.text.Display)
    HAL_Delay                                0x08001ae1   Thumb Code    32  stm32l0xx_hal.o(.text.HAL_Delay)
    HAL_GPIO_Init                            0x08001b05   Thumb Code   368  stm32l0xx_hal_gpio.o(.text.HAL_GPIO_Init)
    HAL_GPIO_WritePin                        0x08001c85   Thumb Code    16  stm32l0xx_hal_gpio.o(.text.HAL_GPIO_WritePin)
    HAL_GetTick                              0x08001c95   Thumb Code     8  stm32l0xx_hal.o(.text.HAL_GetTick)
    HAL_I2CEx_ConfigAnalogFilter             0x08001ca1   Thumb Code    66  stm32l0xx_hal_i2c_ex.o(.text.HAL_I2CEx_ConfigAnalogFilter)
    HAL_I2CEx_ConfigDigitalFilter            0x08001ce3   Thumb Code    66  stm32l0xx_hal_i2c_ex.o(.text.HAL_I2CEx_ConfigDigitalFilter)
    HAL_I2C_Init                             0x08001d25   Thumb Code   168  stm32l0xx_hal_i2c.o(.text.HAL_I2C_Init)
    HAL_I2C_Mem_Write                        0x08001dd5   Thumb Code   744  stm32l0xx_hal_i2c.o(.text.HAL_I2C_Mem_Write)
    HAL_I2C_MspInit                          0x080020d5   Thumb Code    84  stm32l0xx_hal_msp.o(.text.HAL_I2C_MspInit)
    HAL_IncTick                              0x08002135   Thumb Code    16  stm32l0xx_hal.o(.text.HAL_IncTick)
    HAL_Init                                 0x08002149   Thumb Code    36  stm32l0xx_hal.o(.text.HAL_Init)
    HAL_InitTick                             0x08002171   Thumb Code    60  stm32l0xx_hal.o(.text.HAL_InitTick)
    HAL_MspInit                              0x080021b9   Thumb Code    20  stm32l0xx_hal_msp.o(.text.HAL_MspInit)
    HAL_NVIC_EnableIRQ                       0x080021d1   Thumb Code    20  stm32l0xx_hal_cortex.o(.text.HAL_NVIC_EnableIRQ)
    HAL_NVIC_SetPriority                     0x080021e9   Thumb Code    48  stm32l0xx_hal_cortex.o(.text.HAL_NVIC_SetPriority)
    HAL_RCCEx_PeriphCLKConfig                0x08002221   Thumb Code   528  stm32l0xx_hal_rcc_ex.o(.text.HAL_RCCEx_PeriphCLKConfig)
    HAL_RCC_ClockConfig                      0x08002439   Thumb Code   500  stm32l0xx_hal_rcc.o(.text.HAL_RCC_ClockConfig)
    HAL_RCC_GetPCLK1Freq                     0x0800263d   Thumb Code    20  stm32l0xx_hal_rcc.o(.text.HAL_RCC_GetPCLK1Freq)
    HAL_RCC_GetPCLK2Freq                     0x08002651   Thumb Code    20  stm32l0xx_hal_rcc.o(.text.HAL_RCC_GetPCLK2Freq)
    HAL_RCC_GetSysClockFreq                  0x08002671   Thumb Code    96  stm32l0xx_hal_rcc.o(.text.HAL_RCC_GetSysClockFreq)
    HAL_RCC_OscConfig                        0x080026e1   Thumb Code  1356  stm32l0xx_hal_rcc.o(.text.HAL_RCC_OscConfig)
    HAL_SYSTICK_Config                       0x08002c55   Thumb Code    40  stm32l0xx_hal_cortex.o(.text.HAL_SYSTICK_Config)
    HAL_TIMEx_MasterConfigSynchronization    0x08002c89   Thumb Code    92  stm32l0xx_hal_tim_ex.o(.text.HAL_TIMEx_MasterConfigSynchronization)
    HAL_TIM_Base_Init                        0x08002ce5   Thumb Code   180  stm32l0xx_hal_tim.o(.text.HAL_TIM_Base_Init)
    HAL_TIM_Base_MspInit                     0x08002d99   Thumb Code    96  stm32l0xx_hal_msp.o(.text.HAL_TIM_Base_MspInit)
    HAL_TIM_Base_Start_IT                    0x08002dfd   Thumb Code    84  stm32l0xx_hal_tim.o(.text.HAL_TIM_Base_Start_IT)
    HAL_TIM_ConfigClockSource                0x08002e61   Thumb Code   336  stm32l0xx_hal_tim.o(.text.HAL_TIM_ConfigClockSource)
    HAL_TIM_IC_CaptureCallback               0x08002fb5   Thumb Code   132  main.o(.text.HAL_TIM_IC_CaptureCallback)
    HAL_TIM_IC_ConfigChannel                 0x08003069   Thumb Code   380  stm32l0xx_hal_tim.o(.text.HAL_TIM_IC_ConfigChannel)
    HAL_TIM_IC_Init                          0x080031f9   Thumb Code   180  stm32l0xx_hal_tim.o(.text.HAL_TIM_IC_Init)
    HAL_TIM_IC_MspInit                       0x080032ad   Thumb Code     2  stm32l0xx_hal_tim.o(.text.HAL_TIM_IC_MspInit)
    HAL_TIM_IC_Start_IT                      0x080032b1   Thumb Code   188  stm32l0xx_hal_tim.o(.text.HAL_TIM_IC_Start_IT)
    HAL_TIM_IRQHandler                       0x08003381   Thumb Code   370  stm32l0xx_hal_tim.o(.text.HAL_TIM_IRQHandler)
    HAL_TIM_OC_DelayElapsedCallback          0x080034f3   Thumb Code     2  stm32l0xx_hal_tim.o(.text.HAL_TIM_OC_DelayElapsedCallback)
    HAL_TIM_PWM_PulseFinishedCallback        0x080034f5   Thumb Code     2  stm32l0xx_hal_tim.o(.text.HAL_TIM_PWM_PulseFinishedCallback)
    HAL_TIM_PeriodElapsedCallback            0x080034f9   Thumb Code    12  main.o(.text.HAL_TIM_PeriodElapsedCallback)
    HAL_TIM_TriggerCallback                  0x08003509   Thumb Code     2  stm32l0xx_hal_tim.o(.text.HAL_TIM_TriggerCallback)
    HAL_UART_GetError                        0x0800350b   Thumb Code     6  stm32l0xx_hal_uart.o(.text.HAL_UART_GetError)
    HAL_UART_Init                            0x08003511   Thumb Code   110  stm32l0xx_hal_uart.o(.text.HAL_UART_Init)
    HAL_UART_MspInit                         0x08003581   Thumb Code    88  stm32l0xx_hal_msp.o(.text.HAL_UART_MspInit)
    HAL_UART_Transmit                        0x080035e1   Thumb Code   260  stm32l0xx_hal_uart.o(.text.HAL_UART_Transmit)
    HardFault_Handler                        0x080036e9   Thumb Code     2  stm32l0xx_it.o(.text.HardFault_Handler)
    NMI_Handler                              0x0800388f   Thumb Code     2  stm32l0xx_it.o(.text.NMI_Handler)
    PendSV_Handler                           0x08003891   Thumb Code     2  stm32l0xx_it.o(.text.PendSV_Handler)
    SVC_Handler                              0x08003893   Thumb Code     2  stm32l0xx_it.o(.text.SVC_Handler)
    SysTick_Handler                          0x08003895   Thumb Code    24  stm32l0xx_it.o(.text.SysTick_Handler)
    SystemClock_Config                       0x080038b5   Thumb Code   156  main.o(.text.SystemClock_Config)
    SystemInit                               0x08003955   Thumb Code     2  system_stm32l0xx.o(.text.SystemInit)
    TIM2_IRQHandler                          0x08003959   Thumb Code    12  stm32l0xx_it.o(.text.TIM2_IRQHandler)
    UART_AdvFeatureConfig                    0x08003969   Thumb Code   210  stm32l0xx_hal_uart.o(.text.UART_AdvFeatureConfig)
    UART_CheckIdleState                      0x08003a3d   Thumb Code   192  stm32l0xx_hal_uart.o(.text.UART_CheckIdleState)
    UART_SetConfig                           0x08003b01   Thumb Code   536  stm32l0xx_hal_uart.o(.text.UART_SetConfig)
    UART_WaitOnFlagUntilTimeout              0x08003d61   Thumb Code   318  stm32l0xx_hal_uart.o(.text.UART_WaitOnFlagUntilTimeout)
    main                                     0x08003ea1   Thumb Code   588  main.o(.text.main)
    ssd1306_Fill                             0x08004179   Thumb Code    24  ssd1306.o(.text.ssd1306_Fill)
    ssd1306_Init                             0x08004191   Thumb Code   976  ssd1306.o(.text.ssd1306_Init)
    ssd1306_SetCursor                        0x08004565   Thumb Code    12  ssd1306.o(.text.ssd1306_SetCursor)
    ssd1306_UpdateScreen                     0x08004571   Thumb Code   140  ssd1306.o(.text.ssd1306_UpdateScreen)
    ssd1306_WriteChar                        0x080045fd   Thumb Code   256  ssd1306.o(.text.ssd1306_WriteChar)
    ssd1306_WriteString                      0x0800470d   Thumb Code    62  ssd1306.o(.text.ssd1306_WriteString)
    __aeabi_uidiv                            0x0800474b   Thumb Code    68  aeabi_sdivfast.o(.text_divfast)
    __aeabi_idiv                             0x0800478f   Thumb Code   434  aeabi_sdivfast.o(.text_divfast)
    __ARM_common_ll_muluu                    0x08004941   Thumb Code    48  btod.o(i.__ARM_common_ll_muluu)
    __ARM_fpclassify                         0x08004971   Thumb Code    40  fpclassify.o(i.__ARM_fpclassify)
    __aeabi_fcmpgt                           0x0800499d   Thumb Code     0  fcmp.o(i._fgr)
    _fgr                                     0x0800499d   Thumb Code    22  fcmp.o(i._fgr)
    _is_digit                                0x080049b3   Thumb Code    14  __printf_wp.o(i._is_digit)
    _get_lc_numeric                          0x080049c1   Thumb Code    44  lc_numeric_c.o(locale$$code)
    __aeabi_fadd                             0x080049ed   Thumb Code     0  faddsub.o(x$fpl$fadd)
    _fadd                                    0x080049ed   Thumb Code   134  faddsub.o(x$fpl$fadd)
    _fcmpge                                  0x08004a79   Thumb Code    78  fgef.o(x$fpl$fgeqf)
    __aeabi_fmul                             0x08004acd   Thumb Code     0  fmul.o(x$fpl$fmul)
    _fmul                                    0x08004acd   Thumb Code   172  fmul.o(x$fpl$fmul)
    __aeabi_fsub                             0x08004b7d   Thumb Code     0  faddsub.o(x$fpl$fsub)
    _fsub                                    0x08004b7d   Thumb Code   204  faddsub.o(x$fpl$fsub)
    _printf_fp_dec                           0x08004c4d   Thumb Code    16  printf1.o(x$fpl$printf1)
    __I$use$fp                               0x08004c5c   Number         0  usenofp.o(x$fpl$usenofp)
    AHBPrescTable                            0x08004d44   Data          16  system_stm32l0xx.o(.rodata.AHBPrescTable)
    APBPrescTable                            0x08004d54   Data           8  system_stm32l0xx.o(.rodata.APBPrescTable)
    PLLMulTable                              0x08005ab8   Data           9  system_stm32l0xx.o(.rodata.PLLMulTable)
    Region$$Table$$Base                      0x08005b04   Number         0  anon$$obj.o(Region$$Table)
    Region$$Table$$Limit                     0x08005b24   Number         0  anon$$obj.o(Region$$Table)
    Font_11x18                               0x20000000   Data           8  fonts.o(.data.Font_11x18)
    SystemCoreClock                          0x20000008   Data           4  system_stm32l0xx.o(.data.SystemCoreClock)
    uwTickFreq                               0x2000000c   Data           1  stm32l0xx_hal.o(.data.uwTickFreq)
    uwTickPrio                               0x20000010   Data           4  stm32l0xx_hal.o(.data.uwTickPrio)
    __libspace_start                         0x20000018   Data          96  libspace.o(.bss)
    Periodas                                 0x20000078   Data           4  main.o(.bss.Periodas)
    __temporary_stack_top$libspace           0x20000078   Data           0  libspace.o(.bss)
    RPM                                      0x2000007c   Data           4  main.o(.bss.RPM)
    T1                                       0x20000488   Data           4  main.o(.bss.T1)
    T2                                       0x2000048c   Data           4  main.o(.bss.T2)
    TIM2_Overflow                            0x20000490   Data           2  main.o(.bss.TIM2_Overflow)
    TxBuffer                                 0x20000492   Data          50  main.o(.bss.TxBuffer)
    counter_display                          0x200004c4   Data           4  main.o(.bss.counter_display)
    counter_uart                             0x200004c8   Data           4  main.o(.bss.counter_uart)
    hi2c3                                    0x200004cc   Data          84  main.o(.bss.hi2c3)
    htim2                                    0x20000520   Data          64  main.o(.bss.htim2)
    huart2                                   0x20000560   Data         136  main.o(.bss.huart2)
    rpm_display                              0x200005e8   Data          30  main.o(.bss.rpm_display)
    skirtumas                                0x20000608   Data           4  main.o(.bss.skirtumas)
    state                                    0x2000060c   Data           1  main.o(.bss.state)
    uwTick                                   0x20000610   Data           4  stm32l0xx_hal.o(.bss.uwTick)



==============================================================================

Memory Map of the image

  Image Entry point : 0x080000c1

  Load Region LR_IROM1 (Base: 0x08000000, Size: 0x00005b58, Max: 0x00030000, ABSOLUTE)

    Execution Region ER_IROM1 (Exec base: 0x08000000, Load base: 0x08000000, Size: 0x00005b40, Max: 0x00030000, ABSOLUTE)

    Exec Addr    Load Addr    Size         Type   Attr      Idx    E Section Name        Object

    0x08000000   0x08000000   0x000000c0   Data   RO            3    RESET               startup_stm32l073xx.o
    0x080000c0   0x080000c0   0x00000008   Code   RO         1199  * !!!main             c_p.l(__main.o)
    0x080000c8   0x080000c8   0x00000054   Code   RO         1488    !!!scatter          c_p.l(__scatter.o)
    0x0800011c   0x0800011c   0x0000001a   Code   RO         1492    !!handler_copy      c_p.l(__scatter_copy.o)
    0x08000136   0x08000136   0x00000002   PAD
    0x08000138   0x08000138   0x00000002   Code   RO         1489    !!handler_null      c_p.l(__scatter.o)
    0x0800013a   0x0800013a   0x00000002   PAD
    0x0800013c   0x0800013c   0x0000001c   Code   RO         1494    !!handler_zi        c_p.l(__scatter_zi.o)
    0x08000158   0x08000158   0x00000002   Code   RO         1182    .ARM.Collect$$_printf_percent$$00000000  c_p.l(_printf_percent.o)
    0x0800015a   0x0800015a   0x0000000a   Code   RO         1181    .ARM.Collect$$_printf_percent$$00000003  c_p.l(_printf_f.o)
    0x08000164   0x08000164   0x00000004   Code   RO         1267    .ARM.Collect$$_printf_percent$$00000017  c_p.l(_printf_percent_end.o)
    0x08000168   0x08000168   0x00000002   Code   RO         1344    .ARM.Collect$$libinit$$00000000  c_p.l(libinit.o)
    0x0800016a   0x0800016a   0x00000000   Code   RO         1346    .ARM.Collect$$libinit$$00000002  c_p.l(libinit2.o)
    0x0800016a   0x0800016a   0x00000000   Code   RO         1348    .ARM.Collect$$libinit$$00000004  c_p.l(libinit2.o)
    0x0800016a   0x0800016a   0x00000000   Code   RO         1350    .ARM.Collect$$libinit$$00000006  c_p.l(libinit2.o)
    0x0800016a   0x0800016a   0x00000000   Code   RO         1353    .ARM.Collect$$libinit$$0000000C  c_p.l(libinit2.o)
    0x0800016a   0x0800016a   0x00000000   Code   RO         1355    .ARM.Collect$$libinit$$0000000E  c_p.l(libinit2.o)
    0x0800016a   0x0800016a   0x00000000   Code   RO         1357    .ARM.Collect$$libinit$$00000010  c_p.l(libinit2.o)
    0x0800016a   0x0800016a   0x00000006   Code   RO         1358    .ARM.Collect$$libinit$$00000011  c_p.l(libinit2.o)
    0x08000170   0x08000170   0x00000000   Code   RO         1360    .ARM.Collect$$libinit$$00000013  c_p.l(libinit2.o)
    0x08000170   0x08000170   0x00000000   Code   RO         1362    .ARM.Collect$$libinit$$00000015  c_p.l(libinit2.o)
    0x08000170   0x08000170   0x00000000   Code   RO         1364    .ARM.Collect$$libinit$$00000017  c_p.l(libinit2.o)
    0x08000170   0x08000170   0x0000000a   Code   RO         1365    .ARM.Collect$$libinit$$00000018  c_p.l(libinit2.o)
    0x0800017a   0x0800017a   0x00000000   Code   RO         1366    .ARM.Collect$$libinit$$00000019  c_p.l(libinit2.o)
    0x0800017a   0x0800017a   0x00000000   Code   RO         1368    .ARM.Collect$$libinit$$0000001B  c_p.l(libinit2.o)
    0x0800017a   0x0800017a   0x00000000   Code   RO         1370    .ARM.Collect$$libinit$$0000001D  c_p.l(libinit2.o)
    0x0800017a   0x0800017a   0x00000000   Code   RO         1372    .ARM.Collect$$libinit$$0000001F  c_p.l(libinit2.o)
    0x0800017a   0x0800017a   0x00000000   Code   RO         1374    .ARM.Collect$$libinit$$00000021  c_p.l(libinit2.o)
    0x0800017a   0x0800017a   0x00000000   Code   RO         1376    .ARM.Collect$$libinit$$00000023  c_p.l(libinit2.o)
    0x0800017a   0x0800017a   0x00000000   Code   RO         1378    .ARM.Collect$$libinit$$00000025  c_p.l(libinit2.o)
    0x0800017a   0x0800017a   0x00000000   Code   RO         1380    .ARM.Collect$$libinit$$00000027  c_p.l(libinit2.o)
    0x0800017a   0x0800017a   0x00000000   Code   RO         1384    .ARM.Collect$$libinit$$0000002E  c_p.l(libinit2.o)
    0x0800017a   0x0800017a   0x00000000   Code   RO         1386    .ARM.Collect$$libinit$$00000030  c_p.l(libinit2.o)
    0x0800017a   0x0800017a   0x00000000   Code   RO         1388    .ARM.Collect$$libinit$$00000032  c_p.l(libinit2.o)
    0x0800017a   0x0800017a   0x00000000   Code   RO         1390    .ARM.Collect$$libinit$$00000034  c_p.l(libinit2.o)
    0x0800017a   0x0800017a   0x00000002   Code   RO         1391    .ARM.Collect$$libinit$$00000035  c_p.l(libinit2.o)
    0x0800017c   0x0800017c   0x00000002   Code   RO         1453    .ARM.Collect$$libshutdown$$00000000  c_p.l(libshutdown.o)
    0x0800017e   0x0800017e   0x00000000   Code   RO         1471    .ARM.Collect$$libshutdown$$00000002  c_p.l(libshutdown2.o)
    0x0800017e   0x0800017e   0x00000000   Code   RO         1473    .ARM.Collect$$libshutdown$$00000004  c_p.l(libshutdown2.o)
    0x0800017e   0x0800017e   0x00000000   Code   RO         1476    .ARM.Collect$$libshutdown$$00000007  c_p.l(libshutdown2.o)
    0x0800017e   0x0800017e   0x00000000   Code   RO         1479    .ARM.Collect$$libshutdown$$0000000A  c_p.l(libshutdown2.o)
    0x0800017e   0x0800017e   0x00000000   Code   RO         1481    .ARM.Collect$$libshutdown$$0000000C  c_p.l(libshutdown2.o)
    0x0800017e   0x0800017e   0x00000000   Code   RO         1484    .ARM.Collect$$libshutdown$$0000000F  c_p.l(libshutdown2.o)
    0x0800017e   0x0800017e   0x00000002   Code   RO         1485    .ARM.Collect$$libshutdown$$00000010  c_p.l(libshutdown2.o)
    0x08000180   0x08000180   0x00000000   Code   RO         1250    .ARM.Collect$$rtentry$$00000000  c_p.l(__rtentry.o)
    0x08000180   0x08000180   0x00000000   Code   RO         1276    .ARM.Collect$$rtentry$$00000002  c_p.l(__rtentry2.o)
    0x08000180   0x08000180   0x00000006   Code   RO         1288    .ARM.Collect$$rtentry$$00000004  c_p.l(__rtentry4.o)
    0x08000186   0x08000186   0x00000000   Code   RO         1278    .ARM.Collect$$rtentry$$00000009  c_p.l(__rtentry2.o)
    0x08000186   0x08000186   0x00000004   Code   RO         1279    .ARM.Collect$$rtentry$$0000000A  c_p.l(__rtentry2.o)
    0x0800018a   0x0800018a   0x00000000   Code   RO         1281    .ARM.Collect$$rtentry$$0000000C  c_p.l(__rtentry2.o)
    0x0800018a   0x0800018a   0x00000008   Code   RO         1282    .ARM.Collect$$rtentry$$0000000D  c_p.l(__rtentry2.o)
    0x08000192   0x08000192   0x00000002   Code   RO         1397    .ARM.Collect$$rtexit$$00000000  c_p.l(rtexit.o)
    0x08000194   0x08000194   0x00000000   Code   RO         1418    .ARM.Collect$$rtexit$$00000002  c_p.l(rtexit2.o)
    0x08000194   0x08000194   0x00000004   Code   RO         1419    .ARM.Collect$$rtexit$$00000003  c_p.l(rtexit2.o)
    0x08000198   0x08000198   0x00000006   Code   RO         1420    .ARM.Collect$$rtexit$$00000004  c_p.l(rtexit2.o)
    0x0800019e   0x0800019e   0x00000002   PAD
    0x080001a0   0x080001a0   0x00000038   Code   RO            4    .text               startup_stm32l073xx.o
    0x080001d8   0x080001d8   0x00000110   Code   RO         1153    .text               c_p.l(lludiv.o)
    0x080002e8   0x080002e8   0x00000028   Code   RO         1157    .text               c_p.l(noretval__2sprintf.o)
    0x08000310   0x08000310   0x00000138   Code   RO         1173    .text               c_p.l(__printf_flags_wp.o)
    0x08000448   0x08000448   0x00000044   Code   RO         1183    .text               c_p.l(strlen.o)
    0x0800048c   0x0800048c   0x00000012   Code   RO         1185    .text               c_p.l(aeabi_memset4.o)
    0x0800049e   0x0800049e   0x00000040   Code   RO         1187    .text               c_p.l(rt_memclr.o)
    0x080004de   0x080004de   0x00000002   PAD
    0x080004e0   0x080004e0   0x000001f8   Code   RO         1189    .text               c_p.l(aeabi_sdivfast.o)
    0x080006d8   0x080006d8   0x00000006   Code   RO         1197    .text               c_p.l(heapauxi.o)
    0x080006de   0x080006de   0x00000002   PAD
    0x080006e0   0x080006e0   0x0000007c   Code   RO         1201    .text               fz_ps.l(d2f.o)
    0x0800075c   0x0800075c   0x00000058   Code   RO         1203    .text               fz_ps.l(dflti.o)
    0x080007b4   0x080007b4   0x00000248   Code   RO         1205    .text               fz_ps.l(dmul.o)
    0x080009fc   0x080009fc   0x00000054   Code   RO         1207    .text               fz_ps.l(f2d.o)
    0x08000a50   0x08000a50   0x00000160   Code   RO         1239    .text               fz_ps.l(fdiv.o)
    0x08000bb0   0x08000bb0   0x00000030   Code   RO         1242    .text               fz_ps.l(ffixui.o)
    0x08000be0   0x08000be0   0x0000005e   Code   RO         1244    .text               fz_ps.l(fflti.o)
    0x08000c3e   0x08000c3e   0x00000002   PAD
    0x08000c40   0x08000c40   0x00000414   Code   RO         1259    .text               c_p.l(_printf_fp_dec.o)
    0x08001054   0x08001054   0x00000030   Code   RO         1263    .text               c_p.l(_printf_char_common.o)
    0x08001084   0x08001084   0x0000000a   Code   RO         1265    .text               c_p.l(_sputc.o)
    0x0800108e   0x0800108e   0x00000002   PAD
    0x08001090   0x08001090   0x00000008   Code   RO         1295    .text               c_p.l(rt_locale_intlibspace.o)
    0x08001098   0x08001098   0x0000007a   Code   RO         1297    .text               c_p.l(lludiv10.o)
    0x08001112   0x08001112   0x00000002   PAD
    0x08001114   0x08001114   0x00000088   Code   RO         1299    .text               c_p.l(_printf_fp_infnan.o)
    0x0800119c   0x0800119c   0x000000d8   Code   RO         1303    .text               c_p.l(bigflt0.o)
    0x08001274   0x08001274   0x00000580   Code   RO         1306    .text               c_p.l(btod.o)
    0x080017f4   0x080017f4   0x00000028   Code   RO         1315    .text               c_p.l(rtudiv10.o)
    0x0800181c   0x0800181c   0x00000064   Code   RO         1317    .text               fz_ps.l(fcmpin.o)
    0x08001880   0x08001880   0x00000008   Code   RO         1323    .text               c_p.l(libspace.o)
    0x08001888   0x08001888   0x0000003e   Code   RO         1326    .text               c_p.l(sys_stackheap_outer.o)
    0x080018c6   0x080018c6   0x00000010   Code   RO         1331    .text               c_p.l(exit.o)
    0x080018d6   0x080018d6   0x00000002   PAD
    0x080018d8   0x080018d8   0x000000b0   Code   RO         1337    .text               c_p.l(strcmpv6m.o)
    0x08001988   0x08001988   0x0000002e   Code   RO         1392    .text               fz_ps.l(cmpret.o)
    0x080019b6   0x080019b6   0x00000002   PAD
    0x080019b8   0x080019b8   0x00000010   Code   RO         1394    .text               fz_ps.l(fnan2.o)
    0x080019c8   0x080019c8   0x0000005e   Code   RO         1411    .text               fz_ps.l(retnan.o)
    0x08001a26   0x08001a26   0x00000002   PAD
    0x08001a28   0x08001a28   0x0000000c   Code   RO         1413    .text               c_p.l(sys_exit.o)
    0x08001a34   0x08001a34   0x00000002   Code   RO         1440    .text               c_p.l(use_no_semi.o)
    0x08001a36   0x08001a36   0x00000000   Code   RO         1442    .text               c_p.l(indicate_semi.o)
    0x08001a36   0x08001a36   0x00000002   PAD
    0x08001a38   0x08001a38   0x000000a8   Code   RO           21    .text.Display       main.o
    0x08001ae0   0x08001ae0   0x00000024   Code   RO          320    .text.HAL_Delay     stm32l0xx_hal.o
    0x08001b04   0x08001b04   0x00000180   Code   RO          550    .text.HAL_GPIO_Init  stm32l0xx_hal_gpio.o
    0x08001c84   0x08001c84   0x00000010   Code   RO          556    .text.HAL_GPIO_WritePin  stm32l0xx_hal_gpio.o
    0x08001c94   0x08001c94   0x0000000c   Code   RO          312    .text.HAL_GetTick   stm32l0xx_hal.o
    0x08001ca0   0x08001ca0   0x00000042   Code   RO          280    .text.HAL_I2CEx_ConfigAnalogFilter  stm32l0xx_hal_i2c_ex.o
    0x08001ce2   0x08001ce2   0x00000042   Code   RO          282    .text.HAL_I2CEx_ConfigDigitalFilter  stm32l0xx_hal_i2c_ex.o
    0x08001d24   0x08001d24   0x000000b0   Code   RO          126    .text.HAL_I2C_Init  stm32l0xx_hal_i2c.o
    0x08001dd4   0x08001dd4   0x00000300   Code   RO          184    .text.HAL_I2C_Mem_Write  stm32l0xx_hal_i2c.o
    0x080020d4   0x080020d4   0x00000060   Code   RO           67    .text.HAL_I2C_MspInit  stm32l0xx_hal_msp.o
    0x08002134   0x08002134   0x00000014   Code   RO          310    .text.HAL_IncTick   stm32l0xx_hal.o
    0x08002148   0x08002148   0x00000028   Code   RO          300    .text.HAL_Init      stm32l0xx_hal.o
    0x08002170   0x08002170   0x00000048   Code   RO          302    .text.HAL_InitTick  stm32l0xx_hal.o
    0x080021b8   0x080021b8   0x00000018   Code   RO           65    .text.HAL_MspInit   stm32l0xx_hal_msp.o
    0x080021d0   0x080021d0   0x00000018   Code   RO          672    .text.HAL_NVIC_EnableIRQ  stm32l0xx_hal_cortex.o
    0x080021e8   0x080021e8   0x00000038   Code   RO          670    .text.HAL_NVIC_SetPriority  stm32l0xx_hal_cortex.o
    0x08002220   0x08002220   0x00000218   Code   RO          407    .text.HAL_RCCEx_PeriphCLKConfig  stm32l0xx_hal_rcc_ex.o
    0x08002438   0x08002438   0x00000204   Code   RO          379    .text.HAL_RCC_ClockConfig  stm32l0xx_hal_rcc.o
    0x0800263c   0x0800263c   0x00000014   Code   RO          387    .text.HAL_RCC_GetPCLK1Freq  stm32l0xx_hal_rcc.o
    0x08002650   0x08002650   0x00000020   Code   RO          389    .text.HAL_RCC_GetPCLK2Freq  stm32l0xx_hal_rcc.o
    0x08002670   0x08002670   0x00000070   Code   RO          377    .text.HAL_RCC_GetSysClockFreq  stm32l0xx_hal_rcc.o
    0x080026e0   0x080026e0   0x00000574   Code   RO          375    .text.HAL_RCC_OscConfig  stm32l0xx_hal_rcc.o
    0x08002c54   0x08002c54   0x00000034   Code   RO          678    .text.HAL_SYSTICK_Config  stm32l0xx_hal_cortex.o
    0x08002c88   0x08002c88   0x0000005c   Code   RO          957    .text.HAL_TIMEx_MasterConfigSynchronization  stm32l0xx_hal_tim_ex.o
    0x08002ce4   0x08002ce4   0x000000b4   Code   RO          738    .text.HAL_TIM_Base_Init  stm32l0xx_hal_tim.o
    0x08002d98   0x08002d98   0x00000064   Code   RO           71    .text.HAL_TIM_Base_MspInit  stm32l0xx_hal_msp.o
    0x08002dfc   0x08002dfc   0x00000064   Code   RO          750    .text.HAL_TIM_Base_Start_IT  stm32l0xx_hal_tim.o
    0x08002e60   0x08002e60   0x00000154   Code   RO          908    .text.HAL_TIM_ConfigClockSource  stm32l0xx_hal_tim.o
    0x08002fb4   0x08002fb4   0x000000b4   Code   RO           17    .text.HAL_TIM_IC_CaptureCallback  main.o
    0x08003068   0x08003068   0x00000190   Code   RO          882    .text.HAL_TIM_IC_ConfigChannel  stm32l0xx_hal_tim.o
    0x080031f8   0x080031f8   0x000000b4   Code   RO          808    .text.HAL_TIM_IC_Init  stm32l0xx_hal_tim.o
    0x080032ac   0x080032ac   0x00000002   Code   RO          810    .text.HAL_TIM_IC_MspInit  stm32l0xx_hal_tim.o
    0x080032ae   0x080032ae   0x00000002   PAD
    0x080032b0   0x080032b0   0x000000d0   Code   RO          820    .text.HAL_TIM_IC_Start_IT  stm32l0xx_hal_tim.o
    0x08003380   0x08003380   0x00000172   Code   RO          868    .text.HAL_TIM_IRQHandler  stm32l0xx_hal_tim.o
    0x080034f2   0x080034f2   0x00000002   Code   RO          872    .text.HAL_TIM_OC_DelayElapsedCallback  stm32l0xx_hal_tim.o
    0x080034f4   0x080034f4   0x00000002   Code   RO          874    .text.HAL_TIM_PWM_PulseFinishedCallback  stm32l0xx_hal_tim.o
    0x080034f6   0x080034f6   0x00000002   PAD
    0x080034f8   0x080034f8   0x00000010   Code   RO           19    .text.HAL_TIM_PeriodElapsedCallback  main.o
    0x08003508   0x08003508   0x00000002   Code   RO          878    .text.HAL_TIM_TriggerCallback  stm32l0xx_hal_tim.o
    0x0800350a   0x0800350a   0x00000006   Code   RO         1085    .text.HAL_UART_GetError  stm32l0xx_hal_uart.o
    0x08003510   0x08003510   0x0000006e   Code   RO          969    .text.HAL_UART_Init  stm32l0xx_hal_uart.o
    0x0800357e   0x0800357e   0x00000002   PAD
    0x08003580   0x08003580   0x00000060   Code   RO           75    .text.HAL_UART_MspInit  stm32l0xx_hal_msp.o
    0x080035e0   0x080035e0   0x00000108   Code   RO          989    .text.HAL_UART_Transmit  stm32l0xx_hal_uart.o
    0x080036e8   0x080036e8   0x00000002   Code   RO           48    .text.HardFault_Handler  stm32l0xx_it.o
    0x080036ea   0x080036ea   0x00000002   PAD
    0x080036ec   0x080036ec   0x00000138   Code   RO          270    .text.I2C_IsErrorOccurred  stm32l0xx_hal_i2c.o
    0x08003824   0x08003824   0x0000006a   Code   RO          138    .text.I2C_WaitOnSTOPFlagUntilTimeout  stm32l0xx_hal_i2c.o
    0x0800388e   0x0800388e   0x00000002   Code   RO           46    .text.NMI_Handler   stm32l0xx_it.o
    0x08003890   0x08003890   0x00000002   Code   RO           52    .text.PendSV_Handler  stm32l0xx_it.o
    0x08003892   0x08003892   0x00000002   Code   RO           50    .text.SVC_Handler   stm32l0xx_it.o
    0x08003894   0x08003894   0x00000020   Code   RO           54    .text.SysTick_Handler  stm32l0xx_it.o
    0x080038b4   0x080038b4   0x000000a0   Code   RO           13    .text.SystemClock_Config  main.o
    0x08003954   0x08003954   0x00000002   Code   RO         1136    .text.SystemInit    system_stm32l0xx.o
    0x08003956   0x08003956   0x00000002   PAD
    0x08003958   0x08003958   0x00000010   Code   RO           56    .text.TIM2_IRQHandler  stm32l0xx_it.o
    0x08003968   0x08003968   0x000000d2   Code   RO          973    .text.UART_AdvFeatureConfig  stm32l0xx_hal_uart.o
    0x08003a3a   0x08003a3a   0x00000002   PAD
    0x08003a3c   0x08003a3c   0x000000c4   Code   RO          977    .text.UART_CheckIdleState  stm32l0xx_hal_uart.o
    0x08003b00   0x08003b00   0x00000260   Code   RO          975    .text.UART_SetConfig  stm32l0xx_hal_uart.o
    0x08003d60   0x08003d60   0x0000013e   Code   RO          991    .text.UART_WaitOnFlagUntilTimeout  stm32l0xx_hal_uart.o
    0x08003e9e   0x08003e9e   0x00000002   PAD
    0x08003ea0   0x08003ea0   0x000002d8   Code   RO           11    .text.main          main.o
    0x08004178   0x08004178   0x00000018   Code   RO          100    .text.ssd1306_Fill  ssd1306.o
    0x08004190   0x08004190   0x000003d4   Code   RO           98    .text.ssd1306_Init  ssd1306.o
    0x08004564   0x08004564   0x0000000c   Code   RO          112    .text.ssd1306_SetCursor  ssd1306.o
    0x08004570   0x08004570   0x0000008c   Code   RO          102    .text.ssd1306_UpdateScreen  ssd1306.o
    0x080045fc   0x080045fc   0x00000110   Code   RO          106    .text.ssd1306_WriteChar  ssd1306.o
    0x0800470c   0x0800470c   0x0000003e   Code   RO          108    .text.ssd1306_WriteString  ssd1306.o
    0x0800474a   0x0800474a   0x000001f6   Code   RO         1190    .text_divfast       c_p.l(aeabi_sdivfast.o)
    0x08004940   0x08004940   0x00000030   Code   RO         1308    i.__ARM_common_ll_muluu  c_p.l(btod.o)
    0x08004970   0x08004970   0x0000002c   Code   RO         1321    i.__ARM_fpclassify  m_ps.l(fpclassify.o)
    0x0800499c   0x0800499c   0x00000016   Code   RO         1223    i._fgr              fz_ps.l(fcmp.o)
    0x080049b2   0x080049b2   0x0000000e   Code   RO         1171    i._is_digit         c_p.l(__printf_wp.o)
    0x080049c0   0x080049c0   0x0000002c   Code   RO         1313    locale$$code        c_p.l(lc_numeric_c.o)
    0x080049ec   0x080049ec   0x0000008c   Code   RO         1209    x$fpl$fadd          fz_ps.l(faddsub.o)
    0x08004a78   0x08004a78   0x00000054   Code   RO         1270    x$fpl$fgeqf         fz_ps.l(fgef.o)
    0x08004acc   0x08004acc   0x000000b0   Code   RO         1246    x$fpl$fmul          fz_ps.l(fmul.o)
    0x08004b7c   0x08004b7c   0x000000d0   Code   RO         1211    x$fpl$fsub          fz_ps.l(faddsub.o)
    0x08004c4c   0x08004c4c   0x00000010   Code   RO         1248    x$fpl$printf1       fz_ps.l(printf1.o)
    0x08004c5c   0x08004c5c   0x00000000   Code   RO         1274    x$fpl$usenofp       fz_ps.l(usenofp.o)
    0x08004c5c   0x08004c5c   0x00000011   Data   RO         1174    .constdata          c_p.l(__printf_flags_wp.o)
    0x08004c6d   0x08004c6d   0x00000040   Data   RO         1240    .constdata          fz_ps.l(fdiv.o)
    0x08004cad   0x08004cad   0x00000003   PAD
    0x08004cb0   0x08004cb0   0x00000094   Data   RO         1304    .constdata          c_p.l(bigflt0.o)
    0x08004d44   0x08004d44   0x00000010   Data   RO         1141    .rodata.AHBPrescTable  system_stm32l0xx.o
    0x08004d54   0x08004d54   0x00000008   Data   RO         1142    .rodata.APBPrescTable  system_stm32l0xx.o
    0x08004d5c   0x08004d5c   0x00000d5c   Data   RO           91    .rodata.Font11x18   fonts.o
    0x08005ab8   0x08005ab8   0x00000009   Data   RO         1143    .rodata.PLLMulTable  system_stm32l0xx.o
    0x08005ac1   0x08005ac1   0x00000003   PAD
    0x08005ac4   0x08005ac4   0x00000030   Data   RO          948    .rodata.cst16       stm32l0xx_hal_tim.o
    0x08005af4   0x08005af4   0x00000010   Data   RO         1095    .rodata.cst16       stm32l0xx_hal_uart.o
    0x08005b04   0x08005b04   0x00000020   Data   RO         1487    Region$$Table       anon$$obj.o
    0x08005b24   0x08005b24   0x0000001c   Data   RO         1312    locale$$data        c_p.l(lc_numeric_c.o)


    Execution Region RW_IRAM1 (Exec base: 0x20000000, Load base: 0x08005b40, Size: 0x00000c18, Max: 0x00005000, ABSOLUTE)

    Exec Addr    Load Addr    Size         Type   Attr      Idx    E Section Name        Object

    0x20000000   0x08005b40   0x00000008   Data   RW           89    .data.Font_11x18    fonts.o
    0x20000008   0x08005b48   0x00000004   Data   RW         1140    .data.SystemCoreClock  system_stm32l0xx.o
    0x2000000c   0x08005b4c   0x00000001   Data   RW          363    .data.uwTickFreq    stm32l0xx_hal.o
    0x2000000d   0x08005b4d   0x00000003   PAD
    0x20000010   0x08005b50   0x00000004   Data   RW          362    .data.uwTickPrio    stm32l0xx_hal.o
    0x20000014   0x08005b54   0x00000004   PAD
    0x20000018        -       0x00000060   Zero   RW         1324    .bss                c_p.l(libspace.o)
    0x20000078        -       0x00000004   Zero   RW           26    .bss.Periodas       main.o
    0x2000007c        -       0x00000004   Zero   RW           27    .bss.RPM            main.o
    0x20000080        -       0x00000002   Zero   RW          114    .bss.SSD1306.0      ssd1306.o
    0x20000082        -       0x00000002   Zero   RW          115    .bss.SSD1306.1      ssd1306.o
    0x20000084        -       0x00000001   Zero   RW          116    .bss.SSD1306.2      ssd1306.o
    0x20000085   0x08005b54   0x00000003   PAD
    0x20000088        -       0x00000400   Zero   RW          117    .bss.SSD1306_Buffer  ssd1306.o
    0x20000488        -       0x00000004   Zero   RW           24    .bss.T1             main.o
    0x2000048c        -       0x00000004   Zero   RW           25    .bss.T2             main.o
    0x20000490        -       0x00000002   Zero   RW           29    .bss.TIM2_Overflow  main.o
    0x20000492        -       0x00000032   Zero   RW           33    .bss.TxBuffer       main.o
    0x200004c4        -       0x00000004   Zero   RW           35    .bss.counter_display  main.o
    0x200004c8        -       0x00000004   Zero   RW           32    .bss.counter_uart   main.o
    0x200004cc        -       0x00000054   Zero   RW           31    .bss.hi2c3          main.o
    0x20000520        -       0x00000040   Zero   RW           30    .bss.htim2          main.o
    0x20000560        -       0x00000088   Zero   RW           34    .bss.huart2         main.o
    0x200005e8        -       0x0000001e   Zero   RW           36    .bss.rpm_display    main.o
    0x20000606   0x08005b54   0x00000002   PAD
    0x20000608        -       0x00000004   Zero   RW           28    .bss.skirtumas      main.o
    0x2000060c        -       0x00000001   Zero   RW           23    .bss.state          main.o
    0x2000060d   0x08005b54   0x00000003   PAD
    0x20000610        -       0x00000004   Zero   RW          364    .bss.uwTick         stm32l0xx_hal.o
    0x20000614   0x08005b54   0x00000004   PAD
    0x20000618        -       0x00000200   Zero   RW            2    HEAP                startup_stm32l073xx.o
    0x20000818        -       0x00000400   Zero   RW            1    STACK               startup_stm32l073xx.o


==============================================================================

Image component sizes


      Code (inc. data)   RO Data    RW Data    ZI Data      Debug   Object Name

         0          0       3420          8          0        870   fonts.o
      1252        252          0          0        395      11789   main.o
      1490         20          0          0       1029      10022   ssd1306.o
        56         26        192          0       1536        612   startup_stm32l073xx.o
       180         28          0          5          4       6883   stm32l0xx_hal.o
       132         24          0          0          0       6912   stm32l0xx_hal_cortex.o
       400         16          0          0          0       5100   stm32l0xx_hal_gpio.o
      1362         36          0          0          0      65402   stm32l0xx_hal_i2c.o
       132          0          0          0          0       5367   stm32l0xx_hal_i2c_ex.o
       316         28          0          0          0       9319   stm32l0xx_hal_msp.o
      2076        104          0          0          0       9668   stm32l0xx_hal_rcc.o
       536          8          0          0          0       8157   stm32l0xx_hal_rcc_ex.o
      1786         64         48          0          0      57188   stm32l0xx_hal_tim.o
        92          0          0          0          0       4423   stm32l0xx_hal_tim_ex.o
      1712        110         16          0          0      41044   stm32l0xx_hal_uart.o
        56         12          0          0          0       1665   stm32l0xx_it.o
         2          0         33          4          0       2094   system_stm32l0xx.o

    ----------------------------------------------------------------------
     11594        728       3744         20       2980     246515   Object Totals
         0          0         32          0          0          0   (incl. Generated)
        14          0          3          3         16          0   (incl. Padding)

    ----------------------------------------------------------------------

      Code (inc. data)   RO Data    RW Data    ZI Data      Debug   Library Member Name

         8          0          0          0          0         68   __main.o
       312          6         17          0          0         76   __printf_flags_wp.o
        14          0          0          0          0         60   __printf_wp.o
         0          0          0          0          0          0   __rtentry.o
        12          0          0          0          0          0   __rtentry2.o
         6          0          0          0          0          0   __rtentry4.o
        86         10          0          0          0          0   __scatter.o
        26          0          0          0          0          0   __scatter_copy.o
        28          0          0          0          0          0   __scatter_zi.o
        48          6          0          0          0         88   _printf_char_common.o
        10          0          0          0          0          0   _printf_f.o
      1044         12          0          0          0        116   _printf_fp_dec.o
       136         16          0          0          0         76   _printf_fp_infnan.o
         2          0          0          0          0          0   _printf_percent.o
         4          0          0          0          0          0   _printf_percent_end.o
        10          0          0          0          0         60   _sputc.o
        18          0          0          0          0         68   aeabi_memset4.o
      1006          4          0          0          0        184   aeabi_sdivfast.o
       216          6        148          0          0         80   bigflt0.o
      1456         30          0          0          0        336   btod.o
        16          0          0          0          0         68   exit.o
         6          0          0          0          0        136   heapauxi.o
         0          0          0          0          0          0   indicate_semi.o
        44         10         28          0          0         76   lc_numeric_c.o
         2          0          0          0          0          0   libinit.o
        18          0          0          0          0          0   libinit2.o
         2          0          0          0          0          0   libshutdown.o
         2          0          0          0          0          0   libshutdown2.o
         8          4          0          0         96         68   libspace.o
       272          0          0          0          0         88   lludiv.o
       122          0          0          0          0         72   lludiv10.o
        40          4          0          0          0         84   noretval__2sprintf.o
         8          4          0          0          0         68   rt_locale_intlibspace.o
        64          0          0          0          0        108   rt_memclr.o
         2          0          0          0          0          0   rtexit.o
        10          0          0          0          0          0   rtexit2.o
        40          0          0          0          0         60   rtudiv10.o
       176          4          0          0          0         80   strcmpv6m.o
        68          6          0          0          0         72   strlen.o
        12          4          0          0          0         60   sys_exit.o
        62          0          0          0          0         80   sys_stackheap_outer.o
         2          0          0          0          0         68   use_no_semi.o
        46          0          0          0          0         60   cmpret.o
       124          4          0          0          0         72   d2f.o
        88          0          0          0          0         92   dflti.o
       584         26          0          0          0         84   dmul.o
        84          4          0          0          0         60   f2d.o
       348          8          0          0          0        160   faddsub.o
        22          0          0          0          0         68   fcmp.o
       100          4          0          0          0         68   fcmpin.o
       352         10         64          0          0         92   fdiv.o
        48          0          0          0          0         60   ffixui.o
        94          0          0          0          0         92   fflti.o
        84          4          0          0          0         76   fgef.o
       176          4          0          0          0         80   fmul.o
        16          6          0          0          0         68   fnan2.o
        16          4          0          0          0         76   printf1.o
        94          0          0          0          0         68   retnan.o
         0          0          0          0          0          0   usenofp.o
        44          4          0          0          0         60   fpclassify.o

    ----------------------------------------------------------------------
      7762        204        260          0         96       3736   Library Totals
        24          0          3          0          0          0   (incl. Padding)

    ----------------------------------------------------------------------

      Code (inc. data)   RO Data    RW Data    ZI Data      Debug   Library Name

      5418        126        193          0         96       2400   c_p.l
      2276         74         64          0          0       1276   fz_ps.l
        44          4          0          0          0         60   m_ps.l

    ----------------------------------------------------------------------
      7762        204        260          0         96       3736   Library Totals

    ----------------------------------------------------------------------

==============================================================================


      Code (inc. data)   RO Data    RW Data    ZI Data      Debug   

     19356        932       4004         20       3076     248151   Grand Totals
     19356        932       4004         20       3076     248151   ELF Image Totals
     19356        932       4004         20          0          0   ROM Totals

==============================================================================

    Total RO  Size (Code + RO Data)                23360 (  22.81kB)
    Total RW  Size (RW Data + ZI Data)              3096 (   3.02kB)
    Total ROM Size (Code + RO Data + RW Data)      23380 (  22.83kB)

==============================================================================

